[2026-10-02 18:30:33.715] [pid:44700] [settingService] write done
[2026-10-02 18:30:33.775] [pid:44700] [main] [open-folder] Windows Explorer 右键菜单已安装或更新 {
  executablePath: 'E:\\Xiadie\\Xiadie\\.runtime\\P01\\desktop-source\\node_modules\\electron\\dist\\electron.exe',
  hasDefaultAppEntry: true,
  locale: 'zh-CN'
}
[2026-10-02 18:30:33.780] [pid:44700] [main] [desktop-network] renderer proxy mode=direct bypass=disabled customCa=disabled insecureCerts=rejected
[2026-10-02 18:30:33.780] [pid:44700] [main] [desktop-network] renderer proxy mode=system bypass=disabled customCa=disabled insecureCerts=rejected
[2026-10-02 18:30:33.782] [pid:44700] [main] [auto-update] disabled for this desktop product flavor
[2026-10-02 18:30:33.811] [pid:44700] [main] [resource] sampling started interval=10000ms report=60000ms
[2026-10-02 18:30:33.812] [pid:44700] [main] [network] reporting started interval=60000ms
[2026-10-02 18:30:33.813] [pid:44700] [main] [force-update] Preview 跳过远端强制升级检查
[2026-10-02 18:30:33.813] [pid:44700] [main] [startup] 创建主窗口
[2026-10-02 18:30:33.813] [pid:44700] [main] [primary-window] creating main window (app-ready)
[2026-10-02 18:30:33.816] [pid:44700] [main] [startup-workspace] using conversation workspace: E:\Xiadie\Xiadie\.runtime\P01\u08-no-key-1790937019718396400\data\.zcode\workspace\default
[2026-10-02 18:30:34.977] [pid:44700] [main] [createWindow] dom-ready fired (local-1)
[2026-10-02 18:30:34.983] [pid:44700] [main] [desktop-context-prompt] first host spawn decision resolved { enabled: false, configVersion: undefined }
[2026-10-02 18:30:34.987] [pid:44700] [main] [spawnHostProcess] forked host process for (local-1), pid=undefined
[2026-10-02 18:30:34.987] [pid:44700] [main] [spawnHostProcess] host module path: E:\Xiadie\Xiadie\.runtime\P01\desktop-source\packages\desktop\out\host\index.js
[2026-10-02 18:30:34.987] [pid:44700] [main] [spawnHostProcess] glm binary path: <not found>
[2026-10-02 18:30:34.987] [pid:44700] [main] [spawnHostProcess] BIGMODEL_OAUTH_APP_SECRET source: fallback
[2026-10-02 18:30:34.988] [pid:44700] [main] [task-realtime] registered host {
  hostId: 'e789af13-c807-461e-8ace-d7e9b3bd207d',
  windowId: 1,
  workspaceKeyCount: 0,
  deliveryKind: 'desktop_window'
}
[2026-10-02 18:30:35.610] [pid:44700] [main] [database-startup] terminal {
  attemptId: '34d22c1e-16c2-443b-a8da-dcc4a97f6521',
  status: 'failed',
  durationMs: 136,
  errorCode: 'unsupported_runtime',
  disk: [
    {
      scopeId: 'df81e191609143170757a1d69e37b8a237e4ca4bd99588ddaf1f2f5467edaaaf',
      observedAvailableDropPeakBytes: 0,
      minAvailableBytes: 275603234816,
      quality: 'complete',
      sampledAt: 1790937035475
    }
  ]
}
[2026-10-02 18:30:38.182] [pid:44700] [main] [stability] perf_app_start reported
[2026-10-02 18:31:02.097] [pid:44700] [main] [app-quit] forceQuit enabled (app-before-quit)
[2026-10-02 18:31:02.098] [pid:44700] [main] [stability] perf_app_exit reported { scene: 'app_quit', exitCode: 0 }
[2026-10-02 18:31:02.098] [pid:44700] [main] [app-quit] waiting for host process cleanup (app-before-quit), kind=normal, hosts=1, forceKillDelayMs=4000, waitTimeoutMs=4500
[2026-10-02 18:31:02.099] [pid:44700] [main] [disposeHostProcess] disposing host process (app-before-quit-1), pid=9124
[2026-10-02 18:31:02.101] [pid:44700] [main] [host-log] (local-1) [host] [2026-10-02 18:31:02.100] [pid:9124] [zcode-host] disposing host resources, reason=parent dispose
[2026-10-02 18:31:02.101] [pid:44700] [main] [task-realtime] unregistered host { hostId: 'e789af13-c807-461e-8ace-d7e9b3bd207d', windowId: 1 }
[2026-10-02 18:31:02.102] [pid:44700] [main] [spawnHostProcess] host process (local-1) exited with code 0
[2026-10-02 18:31:02.102] [pid:44700] [main] [app-quit] host process cleanup completed (app-before-quit)
[2026-10-02 18:31:02.102] [pid:44700] [main] [app-quit] preparation finished, resuming quit with windows=1
[2026-10-02 18:31:02.113] [pid:44700] [main] [createWindow] window closed, killing host process (local-1)
[2026-10-02 18:31:02.115] [pid:44700] [main] [app-quit] all windows closed after preparation, exiting app
[2026-10-02 18:31:02.115] [pid:44700] [main] [app-quit] exiting prepared app (all-windows-closed-after-preparation)
