[2026-10-02 18:54:17.665] [pid:33596] [main] [desktop-context-prompt] config unavailable, using cached decision {
  error: Error: desktop context prompt config failed: 503
      at file:///E:/Xiadie/Xiadie/.runtime/P01/u08-desktop-03/out/main/index.js:5:20099
      at settle (file:///E:/Xiadie/Xiadie/.runtime/P01/u08-desktop-03/out/main/index.js:5:19765)
      at ClientRequest.<anonymous> (file:///E:/Xiadie/Xiadie/.runtime/P01/u08-desktop-03/out/main/index.js:5:20091)
      at ClientRequest.emit (node:events:508:28)
      at SimpleURLLoaderWrapper.<anonymous> (node:electron/js2c/browser_init:2:134311)
      at SimpleURLLoaderWrapper.emit (node:events:508:28),
  enabled: false
}
[2026-10-02 18:54:17.682] [pid:33596] [main] [desktop-tray] failed to create tray icon Error: Failed to load image from path 'E:\Xiadie\Xiadie\.runtime\P01\u08-desktop-03\build\icon.ico'
    at createWindowsDesktopTray (file:///E:/Xiadie/Xiadie/.runtime/P01/u08-desktop-03/out/main/index.js:1024:1271)
    at file:///E:/Xiadie/Xiadie/.runtime/P01/u08-desktop-03/out/main/index.js:1362:10872
[2026-10-02 18:54:18.896] [pid:33596] [main] [renderer-action-trace] config unavailable, using cached decision {
  error: Error: desktop context prompt config failed: 503
      at file:///E:/Xiadie/Xiadie/.runtime/P01/u08-desktop-03/out/main/index.js:5:20099
      at settle (file:///E:/Xiadie/Xiadie/.runtime/P01/u08-desktop-03/out/main/index.js:5:19765)
      at ClientRequest.<anonymous> (file:///E:/Xiadie/Xiadie/.runtime/P01/u08-desktop-03/out/main/index.js:5:20091)
      at ClientRequest.emit (node:events:508:28)
      at SimpleURLLoaderWrapper.<anonymous> (node:electron/js2c/browser_init:2:134311)
      at SimpleURLLoaderWrapper.emit (node:events:508:28),
  enabled: false
}
[2026-10-02 18:54:18.902] [pid:33596] [main] [desktop-context-prompt] config unavailable, using cached decision {
  error: Error: desktop context prompt config failed: 503
      at file:///E:/Xiadie/Xiadie/.runtime/P01/u08-desktop-03/out/main/index.js:5:20099
      at settle (file:///E:/Xiadie/Xiadie/.runtime/P01/u08-desktop-03/out/main/index.js:5:19765)
      at ClientRequest.<anonymous> (file:///E:/Xiadie/Xiadie/.runtime/P01/u08-desktop-03/out/main/index.js:5:20091)
      at ClientRequest.emit (node:events:508:28)
      at SimpleURLLoaderWrapper.<anonymous> (node:electron/js2c/browser_init:2:134311)
      at SimpleURLLoaderWrapper.emit (node:events:508:28),
  enabled: false
}
[2026-10-02 18:54:18.915] [pid:33596] [main] [desktop-context-prompt] config unavailable, using cached decision {
  error: Error: desktop context prompt config failed: 503
      at file:///E:/Xiadie/Xiadie/.runtime/P01/u08-desktop-03/out/main/index.js:5:20099
      at settle (file:///E:/Xiadie/Xiadie/.runtime/P01/u08-desktop-03/out/main/index.js:5:19765)
      at ClientRequest.<anonymous> (file:///E:/Xiadie/Xiadie/.runtime/P01/u08-desktop-03/out/main/index.js:5:20091)
      at ClientRequest.emit (node:events:508:28)
      at SimpleURLLoaderWrapper.<anonymous> (node:electron/js2c/browser_init:2:134311)
      at SimpleURLLoaderWrapper.emit (node:events:508:28),
  enabled: false
}
[2026-10-02 18:54:19.290] [pid:33596] [main] [host-log] (local-1) [host] [2026-10-02 18:54:19.283] [pid:46516] [zcode-host] ExperimentalWarning: SQLite is an experimental feature and might change at any time
[2026-10-02 18:54:21.279] [pid:33596] [main] [host-log] (local-1) [host] [2026-10-02 18:54:21.265] [pid:46516] [provider-runtime][trace:Provider 配置事实初始化失败] {"name":"AggregateError","message":"Bundled 与 Active ZCode Built-in Release 均不可用","stack":"AggregateError: Bundled 与 Active ZCode Built-in Release 均不可用\n    at selectReleaseCandidate (file:///E:/Xiadie/Xiadie/.runtime/P01/u08-desktop-03/out/host/index.js:3:69929)\n    at NodeZCodeBuiltinProviderConfigSource.read (file:///E:/Xiadie/Xiadie/.runtime/P01/u08-desktop-03/out/host/index.js:3:68103)\n    at async #s (file:///E:/Xiadie/Xiadie/.runtime/P01/u08-desktop-03/out/host/index.js:3:77737)"}
[2026-10-02 18:54:21.280] [pid:33596] [main] [host-log] (local-1) [host] [2026-10-02 18:54:21.267] [pid:46516] [zcode-agent-service] ZCode agent 初始化失败 {"durationMs":21,"message":"Bundled 与 Active ZCode Built-in Release 均不可用","workspaceKey":"E:\\Xiadie\\Xiadie\\.runtime\\P01\\u08-no-key-1790938450902355500\\workspace","workspacePath":"E:\\Xiadie\\Xiadie\\.runtime\\P01\\u08-no-key-1790938450902355500\\workspace"}
[2026-10-02 18:54:21.280] [pid:33596] [main] [host-log] (local-1) [host] [2026-10-02 18:54:21.267] [pid:46516] [zcode-host] ZCode agent warmup unavailable (local host init (1/1)) workspace=E:\Xiadie\Xiadie\.runtime\P01\u08-no-key-1790938450902355500\workspace reason=Bundled 与 Active ZCode Built-in Release 均不可用
[2026-10-02 18:54:21.281] [pid:33596] [main] [host-log] (local-1) [host] [2026-10-02 18:54:21.268] [pid:46516] [provider-config] Personal Provider Config 加载失败，已保留磁盘状态并以内存空配置降级 {"error":{}}
[2026-10-02 18:54:21.385] [pid:33596] [renderer] [AccountConnection] 初次读取失败，等待正常刷新 { error: [Error: Bundled 与 Active ZCode Built-in Release 均不可用] }
[2026-10-02 18:54:21.394] [pid:33596] [main] [host-log] (local-1) [host] [2026-10-02 18:54:21.298] [pid:46516] [codingPlanSubscription] 动态工作流灰度配置读取失败，按关闭处理 {"errorMessage":"P01 no-Key test blocked outbound request"}
[2026-10-02 18:54:21.408] [pid:33596] [main] [host-log] (local-1) [host] [2026-10-02 18:54:21.306] [pid:46516] [zcode-host] [rpc:call] model-selection.getView FAIL (15.6ms) {"name":"AggregateError","message":"Bundled 与 Active ZCode Built-in Release 均不可用","stack":"AggregateError: Bundled 与 Active ZCode Built-in Release 均不可用\n    at selectReleaseCandidate (file:///E:/Xiadie/Xiadie/.runtime/P01/u08-desktop-03/out/host/index.js:3:69929)\n    at NodeZCodeBuiltinProviderConfigSource.read (file:///E:/Xiadie/Xiadie/.runtime/P01/u08-desktop-03/out/host/index.js:3:68103)\n    at async #s (file:///E:/Xiadie/Xiadie/.runtime/P01/u08-desktop-03/out/host/index.js:3:77737)"}
[2026-10-02 18:54:21.409] [pid:33596] [main] [host-log] (local-1) [host] [2026-10-02 18:54:21.306] [pid:46516] [zcode-host] [rpc:call] provider-settings.getView FAIL (15.7ms) {"name":"AggregateError","message":"Bundled 与 Active ZCode Built-in Release 均不可用","stack":"AggregateError: Bundled 与 Active ZCode Built-in Release 均不可用\n    at selectReleaseCandidate (file:///E:/Xiadie/Xiadie/.runtime/P01/u08-desktop-03/out/host/index.js:3:69929)\n    at NodeZCodeBuiltinProviderConfigSource.read (file:///E:/Xiadie/Xiadie/.runtime/P01/u08-desktop-03/out/host/index.js:3:68103)\n    at async #s (file:///E:/Xiadie/Xiadie/.runtime/P01/u08-desktop-03/out/host/index.js:3:77737)"}
[2026-10-02 18:54:21.409] [pid:33596] [main] [host-log] (local-1) [host] [2026-10-02 18:54:21.306] [pid:46516] [zcode-host] [rpc:call] provider-settings.getView FAIL (11.0ms) {"name":"AggregateError","message":"Bundled 与 Active ZCode Built-in Release 均不可用","stack":"AggregateError: Bundled 与 Active ZCode Built-in Release 均不可用\n    at selectReleaseCandidate (file:///E:/Xiadie/Xiadie/.runtime/P01/u08-desktop-03/out/host/index.js:3:69929)\n    at NodeZCodeBuiltinProviderConfigSource.read (file:///E:/Xiadie/Xiadie/.runtime/P01/u08-desktop-03/out/host/index.js:3:68103)\n    at async #s (file:///E:/Xiadie/Xiadie/.runtime/P01/u08-desktop-03/out/host/index.js:3:77737)"}
[2026-10-02 18:54:21.410] [pid:33596] [main] [host-log] (local-1) [host] [2026-10-02 18:54:21.306] [pid:46516] [zcode-host] [rpc:call] provider-settings.refresh FAIL (7.6ms) {"name":"AggregateError","message":"Bundled 与 Active ZCode Built-in Release 均不可用","stack":"AggregateError: Bundled 与 Active ZCode Built-in Release 均不可用\n    at selectReleaseCandidate (file:///E:/Xiadie/Xiadie/.runtime/P01/u08-desktop-03/out/host/index.js:3:69929)\n    at NodeZCodeBuiltinProviderConfigSource.read (file:///E:/Xiadie/Xiadie/.runtime/P01/u08-desktop-03/out/host/index.js:3:68103)\n    at async #s (file:///E:/Xiadie/Xiadie/.runtime/P01/u08-desktop-03/out/host/index.js:3:77737)"}
[2026-10-02 18:54:21.411] [pid:33596] [main] [host-log] (local-1) [host] [2026-10-02 18:54:21.306] [pid:46516] [zcode-host] [rpc:call] model-selection.getView FAIL (5.4ms) {"name":"AggregateError","message":"Bundled 与 Active ZCode Built-in Release 均不可用","stack":"AggregateError: Bundled 与 Active ZCode Built-in Release 均不可用\n    at selectReleaseCandidate (file:///E:/Xiadie/Xiadie/.runtime/P01/u08-desktop-03/out/host/index.js:3:69929)\n    at NodeZCodeBuiltinProviderConfigSource.read (file:///E:/Xiadie/Xiadie/.runtime/P01/u08-desktop-03/out/host/index.js:3:68103)\n    at async #s (file:///E:/Xiadie/Xiadie/.runtime/P01/u08-desktop-03/out/host/index.js:3:77737)"}
[2026-10-02 18:54:21.411] [pid:33596] [main] [host-log] (local-1) [host] [2026-10-02 18:54:21.306] [pid:46516] [zcode-host] [rpc:call] provider-settings.refresh FAIL (2.5ms) {"name":"AggregateError","message":"Bundled 与 Active ZCode Built-in Release 均不可用","stack":"AggregateError: Bundled 与 Active ZCode Built-in Release 均不可用\n    at selectReleaseCandidate (file:///E:/Xiadie/Xiadie/.runtime/P01/u08-desktop-03/out/host/index.js:3:69929)\n    at NodeZCodeBuiltinProviderConfigSource.read (file:///E:/Xiadie/Xiadie/.runtime/P01/u08-desktop-03/out/host/index.js:3:68103)\n    at async #s (file:///E:/Xiadie/Xiadie/.runtime/P01/u08-desktop-03/out/host/index.js:3:77737)"}
[2026-10-02 18:54:21.412] [pid:33596] [main] [host-log] (local-1) [host] [2026-10-02 18:54:21.307] [pid:46516] [provider-config] Personal Provider Config 加载失败，已保留磁盘状态并以内存空配置降级 {"error":{}}
[2026-10-02 18:54:21.431] [pid:33596] [main] [host-log] (local-1) [host] [2026-10-02 18:54:21.348] [pid:46516] [zcode-host] [rpc:call] provider-settings.refresh FAIL (13.2ms) {"name":"AggregateError","message":"Bundled 与 Active ZCode Built-in Release 均不可用","stack":"AggregateError: Bundled 与 Active ZCode Built-in Release 均不可用\n    at selectReleaseCandidate (file:///E:/Xiadie/Xiadie/.runtime/P01/u08-desktop-03/out/host/index.js:3:69929)\n    at NodeZCodeBuiltinProviderConfigSource.read (file:///E:/Xiadie/Xiadie/.runtime/P01/u08-desktop-03/out/host/index.js:3:68103)\n    at async #s (file:///E:/Xiadie/Xiadie/.runtime/P01/u08-desktop-03/out/host/index.js:3:77737)"}
[2026-10-02 18:54:21.432] [pid:33596] [main] [host-log] (local-1) [host] [2026-10-02 18:54:21.358] [pid:46516] [provider-config] Personal Provider Config 加载失败，已保留磁盘状态并以内存空配置降级 {"error":{}}
[2026-10-02 18:54:26.782] [pid:33596] [main] [host-log] (local-1) [host] [2026-10-02 18:54:26.781] [pid:46516] [zcode-host] [rpc:call] client-scenes.list FAIL (5.8ms) {"name":"ApiError","message":"fetch failed","stack":"ApiError: fetch failed\n    at NodeApiClient.request (file:///E:/Xiadie/Xiadie/.runtime/P01/u08-desktop-03/out/host/index.js:153:88531)\n    at async readApiJson (file:///E:/Xiadie/Xiadie/.runtime/P01/u08-desktop-03/out/host/index.js:153:27766)\n    at async NetworkTelemetryServerChannel.call (file:///E:/Xiadie/Xiadie/.runtime/P01/u08-desktop-03/out/host/chunk-XPU7OCSY.js:3:3883)\n    at async LoggingServerChannel.call (file:///E:/Xiadie/Xiadie/.runtime/P01/u08-desktop-03/out/host/chunk-XPU7OCSY.js:3:2318)","cause":{"name":"TypeError","message":"fetch failed","stack":"TypeError: fetch failed","cause":{"name":"Error","message":"P01 no-Key test blocked outbound socket","stack":"Error: P01 no-Key test blocked outbound socket\n    at net.Socket.connect (E:\\Xiadie\\Xiadie\\spikes\\P01\\desktop-guard.cjs:33:23)\n    at Object.connect (node:net:245:17)\n    at Client.connect (node:internal/deps/undici/undici:3181:24)\n    at connect (node:internal/deps/undici/undici:9224:25)\n    at _resume (node:internal/deps/undici/undici:9373:11)\n    at resume (node:internal/deps/undici/undici:9318:7)\n    at Client.<computed> (node:internal/deps/undici/undici:9104:35)\n    at [dispatch] (node:internal/deps/undici/undici:9146:24)\n    at Client.dispatch (node:internal/deps/undici/undici:2234:33)\n    at [dispatch] (node:internal/deps/undici/undici:2505:32)"}}}
[2026-10-02 18:54:26.811] [pid:33596] [main] [community] failed to fetch remote config: Error: Help config HTTP 503
    at file:///E:/Xiadie/Xiadie/.runtime/P01/u08-desktop-03/out/main/chunk-Z3KHMTVW.js:64:121867
    at async file:///E:/Xiadie/Xiadie/.runtime/P01/u08-desktop-03/out/main/chunk-Z3KHMTVW.js:64:122024
    at async resolveCommunityUrl (file:///E:/Xiadie/Xiadie/.runtime/P01/u08-desktop-03/out/main/index.js:606:21172)
    at async file:///E:/Xiadie/Xiadie/.runtime/P01/u08-desktop-03/out/main/index.js:1337:10297
    at async Session.<anonymous> (node:electron/js2c/browser_init:2:116791)
[2026-10-02 18:54:26.813] [pid:33596] [main] [host-log] (local-1) [host] [2026-10-02 18:54:26.811] [pid:46516] [zcode-host] [rpc:call] model-selection.getView FAIL (18.7ms) {"name":"AggregateError","message":"Bundled 与 Active ZCode Built-in Release 均不可用","stack":"AggregateError: Bundled 与 Active ZCode Built-in Release 均不可用\n    at selectReleaseCandidate (file:///E:/Xiadie/Xiadie/.runtime/P01/u08-desktop-03/out/host/index.js:3:69929)\n    at NodeZCodeBuiltinProviderConfigSource.read (file:///E:/Xiadie/Xiadie/.runtime/P01/u08-desktop-03/out/host/index.js:3:68103)\n    at async #s (file:///E:/Xiadie/Xiadie/.runtime/P01/u08-desktop-03/out/host/index.js:3:77737)"}
[2026-10-02 18:54:26.814] [pid:33596] [main] [host-log] (local-1) [host] [2026-10-02 18:54:26.811] [pid:46516] [zcode-host] [rpc:call] model-selection.getView FAIL (18.8ms) {"name":"AggregateError","message":"Bundled 与 Active ZCode Built-in Release 均不可用","stack":"AggregateError: Bundled 与 Active ZCode Built-in Release 均不可用\n    at selectReleaseCandidate (file:///E:/Xiadie/Xiadie/.runtime/P01/u08-desktop-03/out/host/index.js:3:69929)\n    at NodeZCodeBuiltinProviderConfigSource.read (file:///E:/Xiadie/Xiadie/.runtime/P01/u08-desktop-03/out/host/index.js:3:68103)\n    at async #s (file:///E:/Xiadie/Xiadie/.runtime/P01/u08-desktop-03/out/host/index.js:3:77737)"}
[2026-10-02 18:54:26.815] [pid:33596] [main] [host-log] (local-1) [host] [2026-10-02 18:54:26.812] [pid:46516] [provider-config] Personal Provider Config 加载失败，已保留磁盘状态并以内存空配置降级 {"error":{}}
[2026-10-02 18:54:26.816] [pid:33596] [main] [community] failed to read local config: Error: ENOENT: no such file or directory, open 'E:\Xiadie\Xiadie\.runtime\config\default.json'
    at async open (node:internal/fs/promises:637:25)
    at async readFile (node:internal/fs/promises:1269:14)
    at async readLocalAppConfig (file:///E:/Xiadie/Xiadie/.runtime/P01/u08-desktop-03/out/main/index.js:606:21091)
    at async resolveCommunityUrl (file:///E:/Xiadie/Xiadie/.runtime/P01/u08-desktop-03/out/main/index.js:606:21285)
    at async file:///E:/Xiadie/Xiadie/.runtime/P01/u08-desktop-03/out/main/index.js:1337:10297
    at async Session.<anonymous> (node:electron/js2c/browser_init:2:116791) {
  errno: -4058,
  code: 'ENOENT',
  syscall: 'open',
  path: 'E:\\Xiadie\\Xiadie\\.runtime\\config\\default.json'
}
[2026-10-02 18:54:26.882] [pid:33596] [main] [host-log] (local-1) [host] [2026-10-02 18:54:26.882] [pid:46516] [zcode-host] [rpc:call] zcode-agent.subscribeSessionsIndexV4 FAIL (0.2ms) {"name":"Error","message":"ZCode Agent runtime is not running.","stack":"Error: ZCode Agent runtime is not running.\n    at createRuntimeUnavailableError (file:///E:/Xiadie/Xiadie/.runtime/P01/u08-desktop-03/out/host/index.js:79:31197)\n    at getReadOnlyClient (file:///E:/Xiadie/Xiadie/.runtime/P01/u08-desktop-03/out/host/index.js:79:64440)\n    at Object.subscribeSessionsIndexV4 (file:///E:/Xiadie/Xiadie/.runtime/P01/u08-desktop-03/out/host/index.js:79:101569)\n    at Proxy.subscribeSessionsIndexV4 (file:///E:/Xiadie/Xiadie/.runtime/P01/u08-desktop-03/out/host/chunk-QER3M7XR.js:1:77911)\n    at Object.call (file:///E:/Xiadie/Xiadie/.runtime/P01/u08-desktop-03/out/host/chunk-XPU7OCSY.js:3:4653)\n    at NetworkTelemetryServerChannel.call (file:///E:/Xiadie/Xiadie/.runtime/P01/u08-desktop-03/out/host/chunk-XPU7OCSY.js:3:3900)\n    at LoggingServerChannel.call (file:///E:/Xiadie/Xiadie/.runtime/P01/u08-desktop-03/out/host/chunk-XPU7OCSY.js:3:2335)\n    at ChannelServer.onPromise (file:///E:/Xiadie/Xiadie/.runtime/P01/u08-desktop-03/out/host/chunk-XPU7OCSY.js:1:9500)\n    at ChannelServer.onRawMessage (file:///E:/Xiadie/Xiadie/.runtime/P01/u08-desktop-03/out/host/chunk-XPU7OCSY.js:1:9170)\n    at file:///E:/Xiadie/Xiadie/.runtime/P01/u08-desktop-03/out/host/chunk-XPU7OCSY.js:1:8527"}
[2026-10-02 18:54:26.887] [pid:33596] [main] [host-log] (local-1) [host] [2026-10-02 18:54:26.886] [pid:46516] [zcode-agent-service] ZCode Protocol workspace/readPresentation 失败 {"durationMs":10,"message":"Bundled 与 Active ZCode Built-in Release 均不可用","workspaceKey":"E:\\Xiadie\\Xiadie\\.runtime\\P01\\u08-no-key-1790938450902355500\\workspace","workspacePath":"E:\\Xiadie\\Xiadie\\.runtime\\P01\\u08-no-key-1790938450902355500\\workspace"}
[2026-10-02 18:54:26.892] [pid:33596] [main] [host-log] (local-1) [host] [2026-10-02 18:54:26.886] [pid:46516] [zcode-host] [rpc:call] zcode-agent.sendConversationCommandV4 FAIL (4.1ms) {"name":"AggregateError","message":"Bundled 与 Active ZCode Built-in Release 均不可用","stack":"AggregateError: Bundled 与 Active ZCode Built-in Release 均不可用\n    at selectReleaseCandidate (file:///E:/Xiadie/Xiadie/.runtime/P01/u08-desktop-03/out/host/index.js:3:69929)\n    at NodeZCodeBuiltinProviderConfigSource.read (file:///E:/Xiadie/Xiadie/.runtime/P01/u08-desktop-03/out/host/index.js:3:68103)\n    at async #s (file:///E:/Xiadie/Xiadie/.runtime/P01/u08-desktop-03/out/host/index.js:3:77737)"}
[2026-10-02 18:54:26.893] [pid:33596] [main] [host-log] (local-1) [host] [2026-10-02 18:54:26.887] [pid:46516] [zcode-host] [rpc:call] zcode-session.readWorkspacePresentation FAIL (11.1ms) {"name":"AggregateError","message":"Bundled 与 Active ZCode Built-in Release 均不可用","stack":"AggregateError: Bundled 与 Active ZCode Built-in Release 均不可用\n    at selectReleaseCandidate (file:///E:/Xiadie/Xiadie/.runtime/P01/u08-desktop-03/out/host/index.js:3:69929)\n    at NodeZCodeBuiltinProviderConfigSource.read (file:///E:/Xiadie/Xiadie/.runtime/P01/u08-desktop-03/out/host/index.js:3:68103)\n    at async #s (file:///E:/Xiadie/Xiadie/.runtime/P01/u08-desktop-03/out/host/index.js:3:77737)"}
[2026-10-02 18:54:26.895] [pid:33596] [main] [host-log] (local-1) [host] [2026-10-02 18:54:26.889] [pid:46516] [provider-config] Personal Provider Config 加载失败，已保留磁盘状态并以内存空配置降级 {"error":{}}
[2026-10-02 18:54:27.561] [pid:33596] [main] [host-log] (local-1) [host] [2026-10-02 18:54:27.561] [pid:46516] [zcode-host] [rpc:call] zcode-agent.sendConversationCommandV4 FAIL (6.8ms) {"name":"AggregateError","message":"Bundled 与 Active ZCode Built-in Release 均不可用","stack":"AggregateError: Bundled 与 Active ZCode Built-in Release 均不可用\n    at selectReleaseCandidate (file:///E:/Xiadie/Xiadie/.runtime/P01/u08-desktop-03/out/host/index.js:3:69929)\n    at NodeZCodeBuiltinProviderConfigSource.read (file:///E:/Xiadie/Xiadie/.runtime/P01/u08-desktop-03/out/host/index.js:3:68103)\n    at async #s (file:///E:/Xiadie/Xiadie/.runtime/P01/u08-desktop-03/out/host/index.js:3:77737)"}
[2026-10-02 18:54:27.562] [pid:33596] [main] [host-log] (local-1) [host] [2026-10-02 18:54:27.562] [pid:46516] [provider-config] Personal Provider Config 加载失败，已保留磁盘状态并以内存空配置降级 {"error":{}}
[2026-10-02 18:54:28.571] [pid:33596] [main] [host-log] (local-1) [host] [2026-10-02 18:54:28.570] [pid:46516] [zcode-host] [rpc:call] zcode-agent.sendConversationCommandV4 FAIL (5.8ms) {"name":"AggregateError","message":"Bundled 与 Active ZCode Built-in Release 均不可用","stack":"AggregateError: Bundled 与 Active ZCode Built-in Release 均不可用\n    at selectReleaseCandidate (file:///E:/Xiadie/Xiadie/.runtime/P01/u08-desktop-03/out/host/index.js:3:69929)\n    at NodeZCodeBuiltinProviderConfigSource.read (file:///E:/Xiadie/Xiadie/.runtime/P01/u08-desktop-03/out/host/index.js:3:68103)\n    at async #s (file:///E:/Xiadie/Xiadie/.runtime/P01/u08-desktop-03/out/host/index.js:3:77737)"}
[2026-10-02 18:54:28.572] [pid:33596] [main] [host-log] (local-1) [host] [2026-10-02 18:54:28.571] [pid:46516] [provider-config] Personal Provider Config 加载失败，已保留磁盘状态并以内存空配置降级 {"error":{}}
[2026-10-02 18:54:30.585] [pid:33596] [main] [host-log] (local-1) [host] [2026-10-02 18:54:30.584] [pid:46516] [zcode-host] [rpc:call] zcode-agent.sendConversationCommandV4 FAIL (7.2ms) {"name":"AggregateError","message":"Bundled 与 Active ZCode Built-in Release 均不可用","stack":"AggregateError: Bundled 与 Active ZCode Built-in Release 均不可用\n    at selectReleaseCandidate (file:///E:/Xiadie/Xiadie/.runtime/P01/u08-desktop-03/out/host/index.js:3:69929)\n    at NodeZCodeBuiltinProviderConfigSource.read (file:///E:/Xiadie/Xiadie/.runtime/P01/u08-desktop-03/out/host/index.js:3:68103)\n    at async #s (file:///E:/Xiadie/Xiadie/.runtime/P01/u08-desktop-03/out/host/index.js:3:77737)"}
[2026-10-02 18:54:30.586] [pid:33596] [main] [host-log] (local-1) [host] [2026-10-02 18:54:30.585] [pid:46516] [provider-config] Personal Provider Config 加载失败，已保留磁盘状态并以内存空配置降级 {"error":{}}
Debugger ending on ws://127.0.0.1:60301/64f888be-626f-4fc7-9d80-ed1abdd724ed
For help, see: https://nodejs.org/en/docs/inspector
node:internal/modules/run_main:107
    triggerUncaughtException(
    ^

locator.waitFor: Timeout 25000ms exceeded.
Call log:
[2m  - waiting for getByText('P01 U08 local history d54f41aa', { exact: true }).first() to be visible[22m

    at verifyHistory (E:\Xiadie\Xiadie\.runtime\P01\worktrees\u08\packages\config\test\desktop-no-key.mjs:43:15)
    at E:\Xiadie\Xiadie\.runtime\P01\worktrees\u08\packages\config\test\desktop-no-key.mjs:65:11 {
  name: 'TimeoutError'
}

Node.js v24.14.0
