apps/zcode-cli                           |  WARN  Unsupported engine: wanted: {"node":"24.14.0"} (current: {"node":"v24.16.0","pnpm":"10.33.2"})
Scope: 17 of 33 workspace projects
Lockfile is up to date, resolution step is skipped
.                                        |    +1885 ++++++++++++++++++++++++++++
Progress: resolved 0, reused 0, downloaded 1, added 0
Progress: resolved 0, reused 0, downloaded 99, added 97
Progress: resolved 0, reused 0, downloaded 151, added 140
Progress: resolved 0, reused 0, downloaded 219, added 171
Progress: resolved 0, reused 0, downloaded 326, added 192
Progress: resolved 0, reused 0, downloaded 440, added 193
Progress: resolved 0, reused 0, downloaded 550, added 211
Progress: resolved 0, reused 0, downloaded 660, added 231
Progress: resolved 0, reused 0, downloaded 816, added 261
Progress: resolved 0, reused 0, downloaded 973, added 290
Progress: resolved 0, reused 0, downloaded 1136, added 335
Progress: resolved 0, reused 0, downloaded 1235, added 374
Progress: resolved 0, reused 0, downloaded 1307, added 449
 WARN  Tarball download average speed 11 KiB/s (size 11 KiB) is below 50 KiB/s: https://registry.npmjs.org/micromark-util-symbol/-/micromark-util-symbol-2.0.1.tgz (GET)
Progress: resolved 0, reused 0, downloaded 1411, added 521
Progress: resolved 0, reused 0, downloaded 1519, added 552
Progress: resolved 0, reused 0, downloaded 1635, added 628
Progress: resolved 0, reused 0, downloaded 1667, added 731
Progress: resolved 0, reused 0, downloaded 1716, added 788
Progress: resolved 0, reused 0, downloaded 1724, added 834
Progress: resolved 0, reused 0, downloaded 1726, added 976
 WARN  Tarball download average speed 21 KiB/s (size 92 KiB) is below 50 KiB/s: https://registry.npmjs.org/@babel/helper-create-class-features-plugin/-/helper-create-class-features-plugin-7.28.6.tgz (GET)
 WARN  Tarball download average speed 36 KiB/s (size 113 KiB) is below 50 KiB/s: https://registry.npmjs.org/@ai-sdk/gateway/-/gateway-3.0.96.tgz (GET)
Progress: resolved 0, reused 0, downloaded 1730, added 1071
Progress: resolved 0, reused 0, downloaded 1731, added 1174
Progress: resolved 0, reused 0, downloaded 1733, added 1251
Progress: resolved 0, reused 0, downloaded 1734, added 1314
Progress: resolved 0, reused 0, downloaded 1734, added 1365
Progress: resolved 0, reused 0, downloaded 1735, added 1374
 WARN  Tarball download average speed 28 KiB/s (size 187 KiB) is below 50 KiB/s: https://registry.npmjs.org/shiki/-/shiki-4.0.2.tgz (GET)
Progress: resolved 0, reused 0, downloaded 1736, added 1406
Progress: resolved 0, reused 0, downloaded 1737, added 1486
Progress: resolved 0, reused 0, downloaded 1738, added 1576
Progress: resolved 0, reused 0, downloaded 1738, added 1682
Progress: resolved 0, reused 0, downloaded 1739, added 1759
Progress: resolved 0, reused 0, downloaded 1739, added 1819
Progress: resolved 0, reused 0, downloaded 1739, added 1844
Progress: resolved 0, reused 0, downloaded 1739, added 1885
Progress: resolved 0, reused 0, downloaded 1739, added 1885, done
Done in 37.3s using pnpm v10.33.2
