✔ six-field approved schema preserves provenance and fictional example labels (12.6283ms)
✔ missing, empty and unknown fields fail validation (2.5764ms)
✔ wrong character, name and version cannot become a generic identity (0.7875ms)
✔ source, license and fiction metadata must match the approved schema (1.0726ms)
✔ field and total limits count UTF-8 bytes (1.0368ms)
✔ accessors and cycles are rejected without invoking asset code (0.6599ms)
✔ constructs immutable instructions only from the approved snapshot and puts canon in fictional state (20.5342ms)
✔ schema-only and copied role values cannot create instruction packets (3.5357ms)
✔ hostile memory and trusted facts stay in their data partitions (3.5631ms)
✔ stable serialization sorts nested object keys and correctly escapes strings (5.2106ms)
✔ rejects structurally valid packets copied or deserialized outside the builder (3.3824ms)
✔ rejects missing references, invalid scope and caller-supplied instruction keys (2.8426ms)
✔ input mutation cannot alter the packet snapshot or rendered bytes (2.4037ms)
✔ budget is checked against the whole serialized packet and never returns a partial string (5.6012ms)
✔ accepts ordinary JSON values and shared non-cyclic references (1.2544ms)
✔ rejects values JSON.stringify would omit, coerce, or fail to encode (0.4442ms)
✔ rejects cycles, sparse arrays, accessors, symbols, and hidden fields (1.0256ms)
ℹ tests 17
ℹ suites 0
ℹ pass 17
ℹ fail 0
ℹ cancelled 0
ℹ skipped 0
ℹ todo 0
ℹ duration_ms 171.8206
