evidence/P01-U06/20261002-01/implementation.diff:2143: trailing whitespace.
+ 
evidence/P01-U06/20261002-01/logs/native-failures-01.stdout.log:30: trailing whitespace.
+  
evidence/P01-U06/20261002-01/logs/native-failures-01.stdout.log:33: trailing whitespace.
+  
evidence/P01-U06/20261002-01/logs/native-failures-01.stdout.log:49: trailing whitespace.
+  
evidence/P01-U06/20261002-01/logs/native-failures-01.stdout.log:52: trailing whitespace.
+  
evidence/P01-U06/20261002-01/logs/native-failures-01.stdout.log:68: trailing whitespace.
+  
evidence/P01-U06/20261002-01/logs/native-failures-01.stdout.log:71: trailing whitespace.
+  
evidence/P01-U06/20261002-01/logs/native-failures-01.stdout.log:87: trailing whitespace.
+  
evidence/P01-U06/20261002-01/logs/native-failures-01.stdout.log:90: trailing whitespace.
+  
evidence/P01-U06/20261002-01/logs/native-failures-01.stdout.log:106: trailing whitespace.
+  
evidence/P01-U06/20261002-01/logs/native-failures-01.stdout.log:109: trailing whitespace.
+  
evidence/P01-U06/20261002-01/logs/native-failures-01.stdout.log:125: trailing whitespace.
+  
evidence/P01-U06/20261002-01/logs/native-failures-01.stdout.log:128: trailing whitespace.
+  
evidence/P01-U06/20261002-01/logs/native-integration-01.stdout.log:90: trailing whitespace.
+  
evidence/P01-U06/20261002-01/logs/native-integration-01.stdout.log:105: trailing whitespace.
+  
evidence/P01-U06/20261002-01/logs/native-integration-02.stdout.log:32: trailing whitespace.
+  
evidence/P01-U06/20261002-01/logs/native-integration-02.stdout.log:34: trailing whitespace.
+  
evidence/P01-U06/20261002-01/logs/native-integration-02.stdout.log:50: trailing whitespace.
+  
evidence/P01-U06/20261002-01/logs/native-integration-02.stdout.log:52: trailing whitespace.
+  
evidence/P01-U06/20261002-01/logs/native-integration-02.stdout.log:68: trailing whitespace.
+  
evidence/P01-U06/20261002-01/logs/native-integration-02.stdout.log:70: trailing whitespace.
+  
evidence/P01-U06/20261002-01/logs/native-integration-02.stdout.log:86: trailing whitespace.
+  
evidence/P01-U06/20261002-01/logs/native-integration-02.stdout.log:88: trailing whitespace.
+  
evidence/P01-U06/20261002-01/logs/native-integration-02.stdout.log:104: trailing whitespace.
+  
evidence/P01-U06/20261002-01/logs/native-integration-02.stdout.log:106: trailing whitespace.
+  
evidence/P01-U06/20261002-01/logs/native-integration-02.stdout.log:122: trailing whitespace.
+  
evidence/P01-U06/20261002-01/logs/native-integration-02.stdout.log:124: trailing whitespace.
+  
evidence/P01-U06/20261002-01/logs/native-integration-02.stdout.log:140: trailing whitespace.
+  
evidence/P01-U06/20261002-01/logs/native-integration-02.stdout.log:142: trailing whitespace.
+  
evidence/P01-U06/20261002-01/logs/native-integration-02.stdout.log:158: trailing whitespace.
+  
evidence/P01-U06/20261002-01/logs/native-integration-02.stdout.log:160: trailing whitespace.
+  
evidence/P01-U06/20261002-01/logs/native-integration-02.stdout.log:176: trailing whitespace.
+  
evidence/P01-U06/20261002-01/logs/native-integration-02.stdout.log:178: trailing whitespace.
+  
evidence/P01-U06/20261002-01/logs/native-integration-02.stdout.log:194: trailing whitespace.
+  
evidence/P01-U06/20261002-01/logs/native-integration-02.stdout.log:196: trailing whitespace.
+  
evidence/P01-U06/20261002-01/logs/native-integration-02.stdout.log:212: trailing whitespace.
+  
evidence/P01-U06/20261002-01/logs/native-integration-02.stdout.log:214: trailing whitespace.
+  
evidence/P01-U06/20261002-01/logs/native-integration-02.stdout.log:230: trailing whitespace.
+  
evidence/P01-U06/20261002-01/logs/native-integration-02.stdout.log:232: trailing whitespace.
+  
evidence/P01-U06/20261002-01/logs/native-integration-02.stdout.log:248: trailing whitespace.
+  
evidence/P01-U06/20261002-01/logs/native-integration-02.stdout.log:250: trailing whitespace.
+  
evidence/P01-U06/20261002-01/logs/native-integration-02.stdout.log:266: trailing whitespace.
+  
evidence/P01-U06/20261002-01/logs/native-integration-02.stdout.log:268: trailing whitespace.
+  
evidence/P01-U06/20261002-01/logs/native-integration-02.stdout.log:284: trailing whitespace.
+  
evidence/P01-U06/20261002-01/logs/native-integration-02.stdout.log:286: trailing whitespace.
+  
evidence/P01-U06/20261002-01/logs/native-integration-03.stdout.log:61: trailing whitespace.
+  
evidence/P01-U06/20261002-01/logs/native-integration-03.stdout.log:63: trailing whitespace.
+  
evidence/P01-U06/20261002-01/logs/standard-unit-regression-01.stderr.log:5: trailing whitespace.
+ 
evidence/P01-U06/20261002-01/logs/standard-unit-regression-01.stderr.log:5: new blank line at EOF.
evidence/P01-U06/20261002-01/logs/unit-01.stdout.log:20: trailing whitespace.
+  
evidence/P01-U06/20261002-01/logs/unit-01.stdout.log:22: trailing whitespace.
+  
