{
  "schema": "p01-u05-independent-counterexamples/v1",
  "node": "v24.14.0",
  "groups_passed": 9,
  "groups_failed": 0,
  "cases": [
    {
      "name": "approved provenance, fictional canon, schema-only/copied role rejection, and packet render provenance",
      "passed": true
    },
    {
      "name": "nested instruction-shaped content, __proto__, constructor, and trusted facts stay data",
      "passed": true
    },
    {
      "name": "canonical JSON is stable, escaped, and measures UTF-8 bytes",
      "passed": true
    },
    {
      "name": "whole-packet budget accepts the exact UTF-8 byte boundary and rejects one byte below",
      "passed": true
    },
    {
      "name": "non-finite numbers, cycles, sparse arrays, symbols, hidden fields, and accessors fail closed",
      "passed": true
    },
    {
      "name": "descriptor snapshots neutralize the original three Proxy counterexamples",
      "passed": true
    },
    {
      "name": "depth, node, and UTF-8 input byte limits have finite inclusive bounds",
      "passed": true
    },
    {
      "name": "scope, version, source-ref byte lengths, ref counts, and record counts are bounded",
      "passed": true
    },
    {
      "name": "mutation after build cannot change the frozen snapshot or cached render",
      "passed": true
    }
  ]
}
