{
  "schema": "p01-u05-prerequisite-verification/v1",
  "checks": {
    "frozenCommit": "96457a2ef13e697e1877bcf23deb79578422a08e",
    "record": {
      "path": "evidence/P01-U04/20261001-01/acceptance.json",
      "bytes": 3120,
      "sha256": "2b9a858886656c7fa38af0fd6d0da600948a32d05bcc4575be978c942f5700cf",
      "status": "accepted",
      "author_commit": "122d3028385469a3704249f8df17e013cf880456"
    },
    "targetBlob": {
      "git_blob": "ad5269115d941a9b56858ace2cab4c3d183130df",
      "frozen_bytes": 3120,
      "frozen_sha256": "2b9a858886656c7fa38af0fd6d0da600948a32d05bcc4575be978c942f5700cf"
    },
    "worktree_equals_frozen_blob": true,
    "main_equals_worktree": true,
    "pass": true
  }
}
