node:internal/modules/run_main:107
    triggerUncaughtException(
    ^

AssertionError [ERR_ASSERTION]: Expected values to be strictly equal:
+ actual - expected

+ '?? packages/desktop/%SystemDrive%/'
- ''

    at buildDesktop (file:///E:/Xiadie/Xiadie/.runtime/P01/worktrees/u08/packages/config/desktop-build.mjs:32:10)
    at file:///E:/Xiadie/Xiadie/.runtime/P01/worktrees/u08/packages/config/desktop-build.mjs:110:36
    at ModuleJob.run (node:internal/modules/esm/module_job:430:25)
    at async onImport.tracePromise.__proto__ (node:internal/modules/esm/loader:661:26)
    at async asyncRunEntryPointWithESMLoader (node:internal/modules/run_main:101:5) {
  generatedMessage: true,
  code: 'ERR_ASSERTION',
  actual: '?? packages/desktop/%SystemDrive%/',
  expected: '',
  operator: 'strictEqual',
  diff: 'simple'
}

Node.js v24.14.0
