[tsup] ZCODE_ENV=test ZCODE_PRODUCT_FLAVOR=preview
CLI Building entry: {"host/index":"E:\\Xiadie\\Xiadie\\.runtime\\P01\\desktop-source\\packages\\desktop\\src\\host\\index.ts","host/tasksStorageWorker":"E:\\Xiadie\\Xiadie\\.runtime\\P01\\desktop-source\\packages\\desktop\\src\\host\\tasksStorageWorker.ts"}
CLI Using tsconfig: tsconfig.json
CLI tsup v8.5.1
CLI Target: node22
ESM Build start
ESM ..\..\..\u08-desktop-02\out\host\chunk-ZZOLNKTD.js     156.73 KB
ESM ..\..\..\u08-desktop-02\out\host\tasksStorageWorker.js 616.00 B
ESM ..\..\..\u08-desktop-02\out\host\chunk-B45ORG4E.js     140.00 B
ESM ..\..\..\u08-desktop-02\out\host\chunk-GOVIVXYI.js     1.38 KB
ESM ..\..\..\u08-desktop-02\out\host\chunk-VX7P3VUC.js     152.00 B
ESM ..\..\..\u08-desktop-02\out\host\chunk-OB2MTTZR.js     10.67 KB
ESM ..\..\..\u08-desktop-02\out\host\chunk-5AJAOD42.js     202.00 B
ESM ..\..\..\u08-desktop-02\out\host\chunk-QER3M7XR.js     107.93 KB
ESM ..\..\..\u08-desktop-02\out\host\chunk-63EQJRFE.js     857.00 B
ESM ..\..\..\u08-desktop-02\out\host\chunk-OAWVEIS4.js     6.48 KB
ESM ..\..\..\u08-desktop-02\out\host\chunk-L4X5TBCR.js     572.00 B
ESM ..\..\..\u08-desktop-02\out\host\chunk-6A3RDH7Q.js     872.00 B
ESM ..\..\..\u08-desktop-02\out\host\chunk-IG3KWOMW.js     96.55 KB
ESM ..\..\..\u08-desktop-02\out\host\chunk-VGZV7KBJ.js     11.88 KB
ESM ..\..\..\u08-desktop-02\out\host\chunk-WS3ZRUTG.js     737.87 KB
ESM ..\..\..\u08-desktop-02\out\host\chunk-XPU7OCSY.js     17.67 KB
ESM ..\..\..\u08-desktop-02\out\host\chunk-6IUWV5UR.js     734.00 B
ESM ..\..\..\u08-desktop-02\out\host\index.js              1.30 MB
ESM ⚡️ Build success in 335ms
{"source":"E:\\Xiadie\\Xiadie\\.runtime\\P01\\desktop-source","source_commit":"29628c9acdb81b703bbd4080c207a0e7ce5e276e","destination":"E:\\Xiadie\\Xiadie\\.runtime\\P01\\u08-desktop-02","patch_count":1,"input_sha256":"0de3bf15938048a03c99ae07de92a87f22792643bf2e4cea17b9454b013fc3db","patched_sha256":"cc030f51729eaf3f699c4dab1afdc01ccc4f7ab7c76674013d8a3fdc100fb240","scope":"initialize uses read-only client; model/write admission unchanged","dependencies":"Pinned reference node_modules junction; local development artifact, not portable installer","main_unchanged":true,"renderer_unchanged":true,"preload_unchanged":true}
