[2026-10-02 18:31:45.078] [pid:31660] [main] [desktop-context-prompt] config unavailable, using cached decision {
  error: Error: desktop context prompt config failed: 503
      at file:///E:/Xiadie/Xiadie/.runtime/P01/desktop-source/packages/desktop/out/main/index.js:5:20099
      at settle (file:///E:/Xiadie/Xiadie/.runtime/P01/desktop-source/packages/desktop/out/main/index.js:5:19765)
      at ClientRequest.<anonymous> (file:///E:/Xiadie/Xiadie/.runtime/P01/desktop-source/packages/desktop/out/main/index.js:5:20091)
      at ClientRequest.emit (node:events:508:28)
      at SimpleURLLoaderWrapper.<anonymous> (node:electron/js2c/browser_init:2:134311)
      at SimpleURLLoaderWrapper.emit (node:events:508:28),
  enabled: false
}
[2026-10-02 18:31:45.673] [pid:31660] [main] [renderer-action-trace] config unavailable, using cached decision {
  error: Error: desktop context prompt config failed: 503
      at file:///E:/Xiadie/Xiadie/.runtime/P01/desktop-source/packages/desktop/out/main/index.js:5:20099
      at settle (file:///E:/Xiadie/Xiadie/.runtime/P01/desktop-source/packages/desktop/out/main/index.js:5:19765)
      at ClientRequest.<anonymous> (file:///E:/Xiadie/Xiadie/.runtime/P01/desktop-source/packages/desktop/out/main/index.js:5:20091)
      at ClientRequest.emit (node:events:508:28)
      at SimpleURLLoaderWrapper.<anonymous> (node:electron/js2c/browser_init:2:134311)
      at SimpleURLLoaderWrapper.emit (node:events:508:28),
  enabled: false
}
[2026-10-02 18:31:45.675] [pid:31660] [main] [desktop-context-prompt] config unavailable, using cached decision {
  error: Error: desktop context prompt config failed: 503
      at file:///E:/Xiadie/Xiadie/.runtime/P01/desktop-source/packages/desktop/out/main/index.js:5:20099
      at settle (file:///E:/Xiadie/Xiadie/.runtime/P01/desktop-source/packages/desktop/out/main/index.js:5:19765)
      at ClientRequest.<anonymous> (file:///E:/Xiadie/Xiadie/.runtime/P01/desktop-source/packages/desktop/out/main/index.js:5:20091)
      at ClientRequest.emit (node:events:508:28)
      at SimpleURLLoaderWrapper.<anonymous> (node:electron/js2c/browser_init:2:134311)
      at SimpleURLLoaderWrapper.emit (node:events:508:28),
  enabled: false
}
[2026-10-02 18:31:45.685] [pid:31660] [main] [desktop-context-prompt] config unavailable, using cached decision {
  error: Error: desktop context prompt config failed: 503
      at file:///E:/Xiadie/Xiadie/.runtime/P01/desktop-source/packages/desktop/out/main/index.js:5:20099
      at settle (file:///E:/Xiadie/Xiadie/.runtime/P01/desktop-source/packages/desktop/out/main/index.js:5:19765)
      at ClientRequest.<anonymous> (file:///E:/Xiadie/Xiadie/.runtime/P01/desktop-source/packages/desktop/out/main/index.js:5:20091)
      at ClientRequest.emit (node:events:508:28)
      at SimpleURLLoaderWrapper.<anonymous> (node:electron/js2c/browser_init:2:134311)
      at SimpleURLLoaderWrapper.emit (node:events:508:28),
  enabled: false
}
[2026-10-02 18:31:45.993] [pid:31660] [main] [host-log] (local-1) [host] [2026-10-02 18:31:45.986] [pid:35896] [zcode-host] ExperimentalWarning: SQLite is an experimental feature and might change at any time
[2026-10-02 18:31:47.921] [pid:31660] [main] [host-log] (local-1) [host] [2026-10-02 18:31:47.862] [pid:35896] [codingPlanSubscription] 动态工作流灰度配置读取失败，按关闭处理 {"errorMessage":"P01 no-Key test blocked outbound request"}
[2026-10-02 18:31:47.993] [pid:31660] [main] [host-log] (local-1) [host] [2026-10-02 18:31:47.991] [pid:35896] [provider-config] ZCode Built-in Config 远端刷新失败 {"error":{}}
[2026-10-02 18:31:48.080] [pid:31660] [main] [host-log] (local-1) [host] [2026-10-02 18:31:48.079] [pid:35896] [zcode-host] [rpc:call] provider-settings.refresh FAIL (221.5ms) {"name":"Error","message":"ZCode Built-in client-config: invalid response","stack":"Error: ZCode Built-in client-config: invalid response\n    at downloadZCodeBuiltinRelease (file:///E:/Xiadie/Xiadie/.runtime/P01/desktop-source/packages/desktop/out/host/index.js:3:71461)\n    at async #r (file:///E:/Xiadie/Xiadie/.runtime/P01/desktop-source/packages/desktop/out/host/index.js:3:73689)"}
[2026-10-02 18:31:48.081] [pid:31660] [main] [host-log] (local-1) [host] [2026-10-02 18:31:48.080] [pid:35896] [zcode-host] [rpc:call] provider-settings.refresh FAIL (216.4ms) {"name":"Error","message":"ZCode Built-in client-config: invalid response","stack":"Error: ZCode Built-in client-config: invalid response\n    at downloadZCodeBuiltinRelease (file:///E:/Xiadie/Xiadie/.runtime/P01/desktop-source/packages/desktop/out/host/index.js:3:71461)\n    at async #r (file:///E:/Xiadie/Xiadie/.runtime/P01/desktop-source/packages/desktop/out/host/index.js:3:73689)"}
[2026-10-02 18:31:48.082] [pid:31660] [main] [host-log] (local-1) [host] [2026-10-02 18:31:48.080] [pid:35896] [zcode-host] [rpc:call] provider-settings.refresh FAIL (72.2ms) {"name":"Error","message":"ZCode Built-in client-config: invalid response","stack":"Error: ZCode Built-in client-config: invalid response\n    at downloadZCodeBuiltinRelease (file:///E:/Xiadie/Xiadie/.runtime/P01/desktop-source/packages/desktop/out/host/index.js:3:71461)\n    at async #r (file:///E:/Xiadie/Xiadie/.runtime/P01/desktop-source/packages/desktop/out/host/index.js:3:73689)"}
[2026-10-02 18:31:57.795] [pid:31660] [main] [host-log] (local-1) [host] [2026-10-02 18:31:57.794] [pid:35896] [zcode-host] [rpc:call] client-scenes.list FAIL (4.4ms) {"name":"ApiError","message":"fetch failed","stack":"ApiError: fetch failed\n    at NodeApiClient.request (file:///E:/Xiadie/Xiadie/.runtime/P01/desktop-source/packages/desktop/out/host/index.js:153:88531)\n    at async readApiJson (file:///E:/Xiadie/Xiadie/.runtime/P01/desktop-source/packages/desktop/out/host/index.js:153:27766)\n    at async NetworkTelemetryServerChannel.call (file:///E:/Xiadie/Xiadie/.runtime/P01/desktop-source/packages/desktop/out/host/chunk-XPU7OCSY.js:3:3883)\n    at async LoggingServerChannel.call (file:///E:/Xiadie/Xiadie/.runtime/P01/desktop-source/packages/desktop/out/host/chunk-XPU7OCSY.js:3:2318)","cause":{"name":"TypeError","message":"fetch failed","stack":"TypeError: fetch failed","cause":{"name":"Error","message":"P01 no-Key test blocked outbound socket","stack":"Error: P01 no-Key test blocked outbound socket\n    at net.Socket.connect (E:\\Xiadie\\Xiadie\\spikes\\P01\\desktop-guard.cjs:33:23)\n    at Object.connect (node:net:245:17)\n    at Client.connect (node:internal/deps/undici/undici:3181:24)\n    at connect (node:internal/deps/undici/undici:9224:25)\n    at _resume (node:internal/deps/undici/undici:9373:11)\n    at resume (node:internal/deps/undici/undici:9318:7)\n    at Client.<computed> (node:internal/deps/undici/undici:9104:35)\n    at [dispatch] (node:internal/deps/undici/undici:9146:24)\n    at Client.dispatch (node:internal/deps/undici/undici:2234:33)\n    at [dispatch] (node:internal/deps/undici/undici:2505:32)"}}}
[2026-10-02 18:31:57.814] [pid:31660] [main] [community] failed to fetch remote config: Error: Help config HTTP 503
    at file:///E:/Xiadie/Xiadie/.runtime/P01/desktop-source/packages/desktop/out/main/chunk-Z3KHMTVW.js:64:121867
    at async file:///E:/Xiadie/Xiadie/.runtime/P01/desktop-source/packages/desktop/out/main/chunk-Z3KHMTVW.js:64:122024
    at async resolveCommunityUrl (file:///E:/Xiadie/Xiadie/.runtime/P01/desktop-source/packages/desktop/out/main/index.js:606:21172)
    at async file:///E:/Xiadie/Xiadie/.runtime/P01/desktop-source/packages/desktop/out/main/index.js:1337:10297
    at async Session.<anonymous> (node:electron/js2c/browser_init:2:116791)
[2026-10-02 18:31:57.843] [pid:31660] [main] [host-log] (local-1) [host] [2026-10-02 18:31:57.842] [pid:35896] [zcode-host] [rpc:call] zcode-agent.subscribeSessionsIndexV4 FAIL (0.3ms) {"name":"Error","message":"ZCode Agent runtime is not running.","stack":"Error: ZCode Agent runtime is not running.\n    at createRuntimeUnavailableError (file:///E:/Xiadie/Xiadie/.runtime/P01/desktop-source/packages/desktop/out/host/index.js:79:31197)\n    at getReadOnlyClient (file:///E:/Xiadie/Xiadie/.runtime/P01/desktop-source/packages/desktop/out/host/index.js:79:64440)\n    at Object.subscribeSessionsIndexV4 (file:///E:/Xiadie/Xiadie/.runtime/P01/desktop-source/packages/desktop/out/host/index.js:79:101526)\n    at Proxy.subscribeSessionsIndexV4 (file:///E:/Xiadie/Xiadie/.runtime/P01/desktop-source/packages/desktop/out/host/chunk-QER3M7XR.js:1:77911)\n    at Object.call (file:///E:/Xiadie/Xiadie/.runtime/P01/desktop-source/packages/desktop/out/host/chunk-XPU7OCSY.js:3:4653)\n    at NetworkTelemetryServerChannel.call (file:///E:/Xiadie/Xiadie/.runtime/P01/desktop-source/packages/desktop/out/host/chunk-XPU7OCSY.js:3:3900)\n    at LoggingServerChannel.call (file:///E:/Xiadie/Xiadie/.runtime/P01/desktop-source/packages/desktop/out/host/chunk-XPU7OCSY.js:3:2335)\n    at ChannelServer.onPromise (file:///E:/Xiadie/Xiadie/.runtime/P01/desktop-source/packages/desktop/out/host/chunk-XPU7OCSY.js:1:9500)\n    at ChannelServer.onRawMessage (file:///E:/Xiadie/Xiadie/.runtime/P01/desktop-source/packages/desktop/out/host/chunk-XPU7OCSY.js:1:9170)\n    at file:///E:/Xiadie/Xiadie/.runtime/P01/desktop-source/packages/desktop/out/host/chunk-XPU7OCSY.js:1:8527"}
Debugger ending on ws://127.0.0.1:49676/5fa3fad5-a24d-41ad-bf5d-b974b647729e
For help, see: https://nodejs.org/en/docs/inspector
node:internal/modules/run_main:107
    triggerUncaughtException(
    ^

locator.click: Timeout 30000ms exceeded.
Call log:
[2m  - waiting for locator('[data-testid^="settings-section-nav"]').filter({ hasText: /迁移|Migration/i })[22m

    at E:\Xiadie\Xiadie\.runtime\P01\worktrees\u08\packages\config\test\desktop-no-key.mjs:63:17 {
  name: 'TimeoutError'
}

Node.js v24.14.0
