(node:32372) ExperimentalWarning: SQLite is an experimental feature and might change at any time
(Use `node --trace-warnings ...` to show where the warning was created)
U06_HOOK_PROCESS {"event":"UserPromptSubmit","kind":"installed-hook","file":"E:\\Xiadie\\Xiadie\\.runtime\\P01\\desktop-build-evidence\\toolchain\\node-v24.14.0-win-x64\\node.exe","args":["E:\\Xiadie\\Xiadie\\.runtime\\P01\\worktrees\\u06\\.runtime\\P01\\u06-mock-profiles\\native-int-jaI3mo\\plugin-storage\\cache\\xiadie-local\\xiadie\\0.1.0/hooks/context.mjs"],"nativeTimeoutMs":8000,"childTimeoutMs":8000,"startedAtUtc":"2026-10-02T05:51:56.885Z","completedAtUtc":"2026-10-02T05:51:56.956Z","durationMs":71,"status":"completed","exitCode":0,"timedOut":false,"cancelled":false,"stdoutBytes":5520,"stdoutSha256":"06631894919516ca894331c4ed41b7ca3f66a65c55bd303673e3b69a0efd7c6d","stderrBytes":0,"stderrSha256":"e3b0c44298fc1c149afbf4c8996fb92427ae41e4649b934ca495991b7852b855"}
✔ native marketplace install/discovery, Hook process, native Read and local mock model (843.7961ms)
U06_HOOK_PROCESS {"event":"UserPromptSubmit","kind":"installed-hook","file":"E:\\Xiadie\\Xiadie\\.runtime\\P01\\desktop-build-evidence\\toolchain\\node-v24.14.0-win-x64\\node.exe","args":["E:\\Xiadie\\Xiadie\\.runtime\\P01\\worktrees\\u06\\.runtime\\P01\\u06-mock-profiles\\native-int-MhVkap\\plugin-storage\\cache\\xiadie-local\\xiadie\\0.1.0/hooks/context.mjs"],"nativeTimeoutMs":8000,"childTimeoutMs":8000,"startedAtUtc":"2026-10-02T05:51:57.599Z","completedAtUtc":"2026-10-02T05:51:57.684Z","durationMs":85,"status":"completed","exitCode":0,"timedOut":false,"cancelled":false,"stdoutBytes":5520,"stdoutSha256":"0e88826b5a09321cfd7ff3bc75e4f66e162fb988bf88d8d418294e38d6fca617","stderrBytes":0,"stderrSha256":"e3b0c44298fc1c149afbf4c8996fb92427ae41e4649b934ca495991b7852b855"}
✖ native sendInput returns its TurnResult after an installed Hook and native Read (652.8973ms)
U06_HOOK_PROCESS {"event":"UserPromptSubmit","kind":"installed-hook","file":"E:\\Xiadie\\Xiadie\\.runtime\\P01\\desktop-build-evidence\\toolchain\\node-v24.14.0-win-x64\\node.exe","args":["E:\\Xiadie\\Xiadie\\.runtime\\P01\\worktrees\\u06\\.runtime\\P01\\u06-mock-profiles\\native-int-TENCsU\\plugin-storage\\cache\\xiadie-local\\xiadie\\0.1.0/hooks/context.mjs"],"nativeTimeoutMs":8000,"childTimeoutMs":8000,"startedAtUtc":"2026-10-02T05:51:58.223Z","completedAtUtc":"2026-10-02T05:51:58.301Z","durationMs":78,"status":"completed","exitCode":0,"timedOut":false,"cancelled":false,"stdoutBytes":5520,"stdoutSha256":"967dca070e0d4299a7316d263550ca2092e520ba1fdc1829da5d12cb63846e6e","stderrBytes":0,"stderrSha256":"e3b0c44298fc1c149afbf4c8996fb92427ae41e4649b934ca495991b7852b855"}
U06_HOOK_PROCESS {"event":"UserPromptSubmit","kind":"installed-hook","file":"E:\\Xiadie\\Xiadie\\.runtime\\P01\\desktop-build-evidence\\toolchain\\node-v24.14.0-win-x64\\node.exe","args":["E:\\Xiadie\\Xiadie\\.runtime\\P01\\worktrees\\u06\\.runtime\\P01\\u06-mock-profiles\\native-int-TENCsU\\plugin-storage\\cache\\xiadie-local\\xiadie\\0.1.0/hooks/context.mjs"],"nativeTimeoutMs":8000,"childTimeoutMs":8000,"startedAtUtc":"2026-10-02T05:51:58.381Z","completedAtUtc":"2026-10-02T05:51:58.463Z","durationMs":82,"status":"completed","exitCode":0,"timedOut":false,"cancelled":false,"stdoutBytes":5520,"stdoutSha256":"8e14f534d4e8db33e6ad3d293e4d457f9f6a1a939782723871f698aac01f9c9e","stderrBytes":0,"stderrSha256":"e3b0c44298fc1c149afbf4c8996fb92427ae41e4649b934ca495991b7852b855"}
✔ cancelled native sendInput holds exclusivity through completion and permits a fresh turn afterward (748.1517ms)
U06_HOOK_PROCESS {"event":"UserPromptSubmit","kind":"installed-hook","file":"E:\\Xiadie\\Xiadie\\.runtime\\P01\\desktop-build-evidence\\toolchain\\node-v24.14.0-win-x64\\node.exe","args":["E:\\Xiadie\\Xiadie\\.runtime\\P01\\worktrees\\u06\\.runtime\\P01\\u06-mock-profiles\\native-int-a3d9z7\\plugin-storage\\cache\\xiadie-local\\xiadie\\0.1.0/hooks/context.mjs"],"nativeTimeoutMs":8000,"childTimeoutMs":8000,"startedAtUtc":"2026-10-02T05:51:58.997Z","completedAtUtc":"2026-10-02T05:51:59.071Z","durationMs":74,"status":"completed","exitCode":0,"timedOut":false,"cancelled":false,"stdoutBytes":5520,"stdoutSha256":"d70e6bb63af02c3d7881d7d1616f242a577ff43b79dbca23862c1b98731302a5","stderrBytes":0,"stderrSha256":"e3b0c44298fc1c149afbf4c8996fb92427ae41e4649b934ca495991b7852b855"}
✖ native compact uses a one-session operation ticket and next turn creates a fresh Hook receipt (648.8202ms)
U06_HOOK_PROCESS {"event":"UserPromptSubmit","kind":"installed-hook","file":"E:\\Xiadie\\Xiadie\\.runtime\\P01\\desktop-build-evidence\\toolchain\\node-v24.14.0-win-x64\\node.exe","args":["E:\\Xiadie\\Xiadie\\.runtime\\P01\\worktrees\\u06\\.runtime\\P01\\u06-mock-profiles\\native-int-OtregL\\plugin-storage\\cache\\xiadie-local\\xiadie\\0.1.0/hooks/context.mjs"],"nativeTimeoutMs":8000,"childTimeoutMs":8000,"startedAtUtc":"2026-10-02T05:51:59.620Z","completedAtUtc":"2026-10-02T05:51:59.685Z","durationMs":65,"status":"completed","exitCode":0,"timedOut":false,"cancelled":false,"stdoutBytes":5519,"stdoutSha256":"92c8106d7ad3eccd1cdbe6552173e0318d6ffe23e1910d1e06221e721047fb06","stderrBytes":0,"stderrSha256":"e3b0c44298fc1c149afbf4c8996fb92427ae41e4649b934ca495991b7852b855"}
U06_HOOK_PROCESS {"event":"UserPromptSubmit","kind":"installed-hook","file":"E:\\Xiadie\\Xiadie\\.runtime\\P01\\desktop-build-evidence\\toolchain\\node-v24.14.0-win-x64\\node.exe","args":["E:\\Xiadie\\Xiadie\\.runtime\\P01\\worktrees\\u06\\.runtime\\P01\\u06-mock-profiles\\native-int-OtregL\\plugin-storage\\cache\\xiadie-local\\xiadie\\0.1.0/hooks/context.mjs"],"nativeTimeoutMs":8000,"childTimeoutMs":8000,"startedAtUtc":"2026-10-02T05:51:59.741Z","completedAtUtc":"2026-10-02T05:51:59.806Z","durationMs":65,"status":"completed","exitCode":0,"timedOut":false,"cancelled":false,"stdoutBytes":5519,"stdoutSha256":"31f42beeb31e8dfae5880899fc767fefa63adbc79a9acb680acce08cf9e22683","stderrBytes":0,"stderrSha256":"e3b0c44298fc1c149afbf4c8996fb92427ae41e4649b934ca495991b7852b855"}
✖ resume performs a fresh approved preflight and next native turn receives a new Hook receipt (687.3412ms)
✔ disabled native plugin leaves ordinary native model execution available (521.9104ms)
U06_HOOK_PROCESS {"event":"UserPromptSubmit","kind":"timeout","file":"E:\\Xiadie\\Xiadie\\.runtime\\P01\\desktop-build-evidence\\toolchain\\node-v24.14.0-win-x64\\node.exe","args":["E:\\Xiadie\\Xiadie\\.runtime\\P01\\worktrees\\u06\\packages\\adapters\\zcode\\test\\fixtures\\hook-process-fault.mjs","hang"],"nativeTimeoutMs":8000,"childTimeoutMs":250,"startedAtUtc":"2026-10-02T05:52:00.843Z","completedAtUtc":"2026-10-02T05:52:01.115Z","durationMs":272,"status":"timed_out","signal":"SIGTERM","timedOut":true,"cancelled":false,"stdoutBytes":25,"stdoutSha256":"9726b6b5d49950f81544e11d9762c39288417ab58514e134e54d8b1945d2088b","stderrBytes":0,"stderrSha256":"e3b0c44298fc1c149afbf4c8996fb92427ae41e4649b934ca495991b7852b855","stdoutText":"U06_HANG_FIXTURE_STARTED\n","stderrText":""}
✔ native UserPromptSubmit blocks timeout before any model request (764.448ms)
U06_HOOK_PROCESS {"event":"UserPromptSubmit","kind":"nonzero","file":"E:\\Xiadie\\Xiadie\\.runtime\\P01\\desktop-build-evidence\\toolchain\\node-v24.14.0-win-x64\\node.exe","args":["E:\\Xiadie\\Xiadie\\.runtime\\P01\\worktrees\\u06\\packages\\adapters\\zcode\\test\\fixtures\\hook-process-fault.mjs","nonzero"],"nativeTimeoutMs":8000,"childTimeoutMs":8000,"startedAtUtc":"2026-10-02T05:52:01.640Z","completedAtUtc":"2026-10-02T05:52:01.696Z","durationMs":56,"status":"failed","exitCode":7,"timedOut":false,"cancelled":false,"stdoutBytes":0,"stdoutSha256":"e3b0c44298fc1c149afbf4c8996fb92427ae41e4649b934ca495991b7852b855","stderrBytes":28,"stderrSha256":"58171ec48899d8799cc65b39d56b373daf0452d2d42cb4b0bc2273173d0c12c9","stdoutText":"","stderrText":"U06_NONZERO_FIXTURE_FAILURE\n"}
✔ native UserPromptSubmit blocks nonzero before any model request (578.7307ms)
U06_HOOK_PROCESS {"event":"UserPromptSubmit","kind":"bad-json","file":"E:\\Xiadie\\Xiadie\\.runtime\\P01\\desktop-build-evidence\\toolchain\\node-v24.14.0-win-x64\\node.exe","args":["E:\\Xiadie\\Xiadie\\.runtime\\P01\\worktrees\\u06\\packages\\adapters\\zcode\\test\\fixtures\\hook-process-fault.mjs","bad-json"],"nativeTimeoutMs":8000,"childTimeoutMs":8000,"startedAtUtc":"2026-10-02T05:52:02.157Z","completedAtUtc":"2026-10-02T05:52:02.207Z","durationMs":50,"status":"completed","exitCode":0,"timedOut":false,"cancelled":false,"stdoutBytes":9,"stdoutSha256":"60498ebafa3f473a2a72c1242e8c3202bf50a6d81dfc721958be1550f46faf33","stderrBytes":0,"stderrSha256":"e3b0c44298fc1c149afbf4c8996fb92427ae41e4649b934ca495991b7852b855","stdoutText":"not-json\n","stderrText":""}
✔ native UserPromptSubmit blocks bad-json before any model request (512.3152ms)
U06_HOOK_PROCESS {"event":"UserPromptSubmit","kind":"installed-hook","file":"E:\\Xiadie\\Xiadie\\.runtime\\P01\\desktop-build-evidence\\toolchain\\node-v24.14.0-win-x64\\node.exe","args":["E:\\Xiadie\\Xiadie\\.runtime\\P01\\worktrees\\u06\\.runtime\\P01\\u06-mock-profiles\\native-int-WYYOJY\\plugin-storage\\cache\\xiadie-local\\xiadie\\0.1.0/hooks/context.mjs"],"nativeTimeoutMs":8000,"childTimeoutMs":8000,"startedAtUtc":"2026-10-02T05:52:02.663Z","completedAtUtc":"2026-10-02T05:52:02.733Z","durationMs":70,"status":"completed","exitCode":0,"timedOut":false,"cancelled":false,"stdoutBytes":5519,"stdoutSha256":"599debec950a7526433fbf32ea8bb37f667a9f1c2125c14c890fcaec0054bd55","stderrBytes":0,"stderrSha256":"e3b0c44298fc1c149afbf4c8996fb92427ae41e4649b934ca495991b7852b855"}
✔ native UserPromptSubmit blocks schema before any model request (525.2119ms)
U06_HOOK_PROCESS {"event":"UserPromptSubmit","kind":"installed-hook","file":"E:\\Xiadie\\Xiadie\\.runtime\\P01\\desktop-build-evidence\\toolchain\\node-v24.14.0-win-x64\\node.exe","args":["E:\\Xiadie\\Xiadie\\.runtime\\P01\\worktrees\\u06\\.runtime\\P01\\u06-mock-profiles\\native-int-Mo67JF\\plugin-storage\\cache\\xiadie-local\\xiadie\\0.1.0/hooks/context.mjs"],"nativeTimeoutMs":8000,"childTimeoutMs":8000,"startedAtUtc":"2026-10-02T05:52:03.191Z","completedAtUtc":"2026-10-02T05:52:03.260Z","durationMs":69,"status":"completed","exitCode":0,"timedOut":false,"cancelled":false,"stdoutBytes":5519,"stdoutSha256":"b1f969b5e1debf9589fbabecd697e422411593d1686d6dcfc24e0cd8ebfc7708","stderrBytes":0,"stderrSha256":"e3b0c44298fc1c149afbf4c8996fb92427ae41e4649b934ca495991b7852b855"}
✔ native UserPromptSubmit blocks missing-receipt before any model request (527.8133ms)
U06_HOOK_PROCESS {"event":"UserPromptSubmit","kind":"installed-hook","file":"E:\\Xiadie\\Xiadie\\.runtime\\P01\\desktop-build-evidence\\toolchain\\node-v24.14.0-win-x64\\node.exe","args":["E:\\Xiadie\\Xiadie\\.runtime\\P01\\worktrees\\u06\\.runtime\\P01\\u06-mock-profiles\\native-int-mrIrut\\plugin-storage\\cache\\xiadie-local\\xiadie\\0.1.0/hooks/context.mjs"],"nativeTimeoutMs":8000,"childTimeoutMs":8000,"startedAtUtc":"2026-10-02T05:52:03.712Z","completedAtUtc":"2026-10-02T05:52:03.779Z","durationMs":67,"status":"completed","exitCode":0,"timedOut":false,"cancelled":false,"stdoutBytes":5519,"stdoutSha256":"26820517a32b3d69ee51406a34e0b2b9fd327c6108a039e88d639e2b5db9a478","stderrBytes":0,"stderrSha256":"e3b0c44298fc1c149afbf4c8996fb92427ae41e4649b934ca495991b7852b855"}
✔ native UserPromptSubmit blocks truncated before any model request (517.4857ms)
✖ missing native Hook receipt is rejected at model delegate boundary (475.5985ms)
U06_HOOK_PROCESS {"event":"UserPromptSubmit","kind":"installed-hook","file":"node","args":["E:\\Xiadie\\Xiadie\\.runtime\\P01\\worktrees\\u06\\.runtime\\P01\\u06-mock-profiles\\native-int-Dr6Mx3\\plugin-storage\\cache\\xiadie-local\\xiadie\\0.1.0/hooks/alternate-context.mjs"],"nativeTimeoutMs":8000,"childTimeoutMs":8000,"startedAtUtc":"2026-10-02T05:52:04.720Z","completedAtUtc":"2026-10-02T05:52:04.775Z","durationMs":55,"status":"failed","exitCode":1,"timedOut":false,"cancelled":false,"stdoutBytes":0,"stdoutSha256":"e3b0c44298fc1c149afbf4c8996fb92427ae41e4649b934ca495991b7852b855","stderrBytes":85,"stderrSha256":"97baad7da456bc213fb32b97001625b6a70e29c6028d4c74c9d4dbe9846c9d46"}
✔ an unknown Hook path cannot create a native model request (529.3028ms)
✔ an invalid approved character asset fails before native submit or model work (102.2025ms)
ℹ tests 15
ℹ suites 0
ℹ pass 11
ℹ fail 4
ℹ cancelled 0
ℹ skipped 0
ℹ todo 0
ℹ duration_ms 12566.0993

✖ failing tests:

test at packages\adapters\zcode\test\native.integration.test.mjs:51:1
✖ native sendInput returns its TurnResult after an installed Hook and native Read (652.8973ms)
  AssertionError [ERR_ASSERTION]: subscription was active before Hook execution
      at TestContext.<anonymous> (file:///E:/Xiadie/Xiadie/.runtime/P01/worktrees/u06/packages/adapters/zcode/test/native.integration.test.mjs:71:10)
      at process.processTicksAndRejections (node:internal/process/task_queues:104:5)
      at async Test.run (node:internal/test_runner/test:1125:7)
      at async Test.processPendingSubtests (node:internal/test_runner/test:787:7) {
    generatedMessage: false,
    code: 'ERR_ASSERTION',
    actual: false,
    expected: true,
    operator: '==',
    diff: 'simple'
  }

test at packages\adapters\zcode\test\native.integration.test.mjs:109:1
✖ native compact uses a one-session operation ticket and next turn creates a fresh Hook receipt (648.8202ms)
  Error: Compact failed
      at createCoreError (file:///E:/Xiadie/Xiadie/.runtime/P00/zcode/source/apps/zcode-cli/packages/contracts/dist/errors/index.js:47:19)
      at createTurnFailureError (file:///E:/Xiadie/Xiadie/.runtime/P00/zcode/source/apps/zcode-cli/packages/core/dist/runtime/helpers/turn-errors.js:73:12)
      at file:///E:/Xiadie/Xiadie/.runtime/P00/zcode/source/apps/zcode-cli/packages/core/dist/runtime/methods/compact.js:81:31
      at process.processTicksAndRejections (node:internal/process/task_queues:104:5)
      at async AgentRuntime.runRuntimeCommand (file:///E:/Xiadie/Xiadie/.runtime/P00/zcode/source/apps/zcode-cli/packages/core/dist/runtime/methods/runtime-command-queue.js:164:32)
      at async AgentRuntime.drainRuntimeCommandQueue (file:///E:/Xiadie/Xiadie/.runtime/P00/zcode/source/apps/zcode-cli/packages/core/dist/runtime/methods/runtime-command-queue.js:45:13) {
    type: 'unknown_error',
    code: 'UNKNOWN_ERROR',
    cause: Error: Xiadie compact admission does not match the native session
        at enforceModelGate (file:///E:/Xiadie/Xiadie/.runtime/P01/worktrees/u06/dist/packages/adapters/zcode/src/host.js:339:15)
        at ExecutableModel.value (file:///E:/Xiadie/Xiadie/.runtime/P01/worktrees/u06/dist/packages/adapters/zcode/src/host.js:308:17)
        at file:///E:/Xiadie/Xiadie/.runtime/P00/zcode/source/apps/zcode-cli/packages/core/dist/runtime/methods/runtime-model.js:43:132
        at AsyncLocalStorage.run (node:internal/async_local_storage/async_context_frame:63:14)
        at runWithModelInvocationContext (file:///E:/Xiadie/Xiadie/.runtime/P00/zcode/source/apps/zcode-cli/packages/contracts/dist/model/invocation-context.js:7:43)
        at Object.generateText (file:///E:/Xiadie/Xiadie/.runtime/P00/zcode/source/apps/zcode-cli/packages/core/dist/runtime/methods/runtime-model.js:43:20)
        at file:///E:/Xiadie/Xiadie/.runtime/P00/zcode/source/apps/zcode-cli/packages/core/dist/runtime/methods/runtime-model.js:43:132
        at AsyncLocalStorage.run (node:internal/async_local_storage/async_context_frame:63:14)
        at runWithModelInvocationContext (file:///E:/Xiadie/Xiadie/.runtime/P00/zcode/source/apps/zcode-cli/packages/contracts/dist/model/invocation-context.js:7:43)
        at Object.generateText (file:///E:/Xiadie/Xiadie/.runtime/P00/zcode/source/apps/zcode-cli/packages/core/dist/runtime/methods/runtime-model.js:43:20),
    context: { errorPayloadRole: 'wrapper' },
    recoverable: false,
    retryable: false,
    timestamp: 2026-10-02T05:51:59.143Z
  }

test at packages\adapters\zcode\test\native.integration.test.mjs:124:1
✖ resume performs a fresh approved preflight and next native turn receives a new Hook receipt (687.3412ms)
  AssertionError [ERR_ASSERTION]: Expected values to be strictly deep-equal:
  + actual - expected
  
  + [
  +   {
  +     cancelled: false,
  +     operation: 'project_memory_extract',
  +     reasonCode: 'model-receipt',
  +     sessionId: 'sess_f2cf6da2-4411-4404-b640-8f37cc700e75',
  +     status: 'blocked',
  +     stderrSha256: 'e3b0c44298fc1c149afbf4c8996fb92427ae41e4649b934ca495991b7852b855',
  +     stdoutSha256: 'e3b0c44298fc1c149afbf4c8996fb92427ae41e4649b934ca495991b7852b855',
  +     timedOut: false,
  +     turnId: 'turn_1935bf23-95b9-442b-9da2-7c3180f7fa99'
  +   }
  + ]
  - []
  
      at TestContext.<anonymous> (file:///E:/Xiadie/Xiadie/.runtime/P01/worktrees/u06/packages/adapters/zcode/test/native.integration.test.mjs:132:10)
      at process.processTicksAndRejections (node:internal/process/task_queues:104:5)
      at async Test.run (node:internal/test_runner/test:1125:7)
      at async Test.processPendingSubtests (node:internal/test_runner/test:787:7) {
    generatedMessage: true,
    code: 'ERR_ASSERTION',
    actual: [ { reasonCode: 'model-receipt', status: 'blocked', timedOut: false, cancelled: false, stdoutSha256: 'e3b0c44298fc1c149afbf4c8996fb92427ae41e4649b934ca495991b7852b855', stderrSha256: 'e3b0c44298fc1c149afbf4c8996fb92427ae41e4649b934ca495991b7852b855', sessionId: 'sess_f2cf6da2-4411-4404-b640-8f37cc700e75', turnId: 'turn_1935bf23-95b9-442b-9da2-7c3180f7fa99', operation: 'project_memory_extract' } ],
    expected: [],
    operator: 'deepStrictEqual',
    diff: 'simple'
  }

test at packages\adapters\zcode\test\native.integration.test.mjs:166:1
✖ missing native Hook receipt is rejected at model delegate boundary (475.5985ms)
  Error: Turn execution failed
      at createCoreError (file:///E:/Xiadie/Xiadie/.runtime/P00/zcode/source/apps/zcode-cli/packages/contracts/dist/errors/index.js:47:19)
      at createTurnFailureError (file:///E:/Xiadie/Xiadie/.runtime/P00/zcode/source/apps/zcode-cli/packages/core/dist/runtime/helpers/turn-errors.js:73:12)
      at file:///E:/Xiadie/Xiadie/.runtime/P00/zcode/source/apps/zcode-cli/packages/core/dist/runtime/methods/turn.js:554:31
      at async AgentRuntime.runRuntimeCommand (file:///E:/Xiadie/Xiadie/.runtime/P00/zcode/source/apps/zcode-cli/packages/core/dist/runtime/methods/runtime-command-queue.js:164:32)
      at async AgentRuntime.drainRuntimeCommandQueue (file:///E:/Xiadie/Xiadie/.runtime/P00/zcode/source/apps/zcode-cli/packages/core/dist/runtime/methods/runtime-command-queue.js:45:13) {
    type: 'unknown_error',
    code: 'UNKNOWN_ERROR',
    cause: Error: Xiadie identity gate rejected model delegation: missing, stale, cross-turn, or incomplete packet receipt
        at enforceModelGate (file:///E:/Xiadie/Xiadie/.runtime/P01/worktrees/u06/dist/packages/adapters/zcode/src/host.js:353:15)
        at ExecutableModel.value (file:///E:/Xiadie/Xiadie/.runtime/P01/worktrees/u06/dist/packages/adapters/zcode/src/host.js:308:17)
        at file:///E:/Xiadie/Xiadie/.runtime/P00/zcode/source/apps/zcode-cli/packages/core/dist/runtime/methods/runtime-model.js:43:132
        at AsyncLocalStorage.run (node:internal/async_local_storage/async_context_frame:63:14)
        at runWithModelInvocationContext (file:///E:/Xiadie/Xiadie/.runtime/P00/zcode/source/apps/zcode-cli/packages/contracts/dist/model/invocation-context.js:7:43)
        at Object.generateText (file:///E:/Xiadie/Xiadie/.runtime/P00/zcode/source/apps/zcode-cli/packages/core/dist/runtime/methods/runtime-model.js:43:20)
        at file:///E:/Xiadie/Xiadie/.runtime/P00/zcode/source/apps/zcode-cli/packages/core/dist/runtime/methods/runtime-model.js:43:132
        at AsyncLocalStorage.run (node:internal/async_local_storage/async_context_frame:63:14)
        at runWithModelInvocationContext (file:///E:/Xiadie/Xiadie/.runtime/P00/zcode/source/apps/zcode-cli/packages/contracts/dist/model/invocation-context.js:7:43)
        at Object.generateText (file:///E:/Xiadie/Xiadie/.runtime/P00/zcode/source/apps/zcode-cli/packages/core/dist/runtime/methods/runtime-model.js:43:20),
    context: { errorPayloadRole: 'wrapper' },
    recoverable: false,
    retryable: false,
    timestamp: 2026-10-02T05:52:04.255Z
  }
