(node:60568) ExperimentalWarning: SQLite is an experimental feature and might change at any time
(Use `node --trace-warnings ...` to show where the warning was created)
U06_HOOK_PROCESS {"event":"UserPromptSubmit","kind":"installed-hook","file":"E:\\Xiadie\\Xiadie\\.runtime\\P01\\desktop-build-evidence\\toolchain\\node-v24.14.0-win-x64\\node.exe","args":["E:\\Xiadie\\Xiadie\\.runtime\\P01\\worktrees\\u06\\.runtime\\P01\\u06-mock-profiles\\native-int-DWRcKd\\plugin-storage\\cache\\xiadie-local\\xiadie\\0.1.0/hooks/context.mjs"],"nativeTimeoutMs":8000,"childTimeoutMs":8000,"startedAtUtc":"2026-10-02T05:57:08.060Z","completedAtUtc":"2026-10-02T05:57:08.127Z","durationMs":67,"status":"completed","exitCode":0,"timedOut":false,"cancelled":false,"stdoutBytes":5520,"stdoutSha256":"cd5aeedbb993b3bd1106448f929562c98c2e279126b3260f9e1a34bab6a760d5","stderrBytes":0,"stderrSha256":"e3b0c44298fc1c149afbf4c8996fb92427ae41e4649b934ca495991b7852b855"}
✔ native marketplace install/discovery, Hook process, native Read and local mock model (803.1184ms)
U06_HOOK_PROCESS {"event":"UserPromptSubmit","kind":"installed-hook","file":"E:\\Xiadie\\Xiadie\\.runtime\\P01\\desktop-build-evidence\\toolchain\\node-v24.14.0-win-x64\\node.exe","args":["E:\\Xiadie\\Xiadie\\.runtime\\P01\\worktrees\\u06\\.runtime\\P01\\u06-mock-profiles\\native-int-vh2R6X\\plugin-storage\\cache\\xiadie-local\\xiadie\\0.1.0/hooks/context.mjs"],"nativeTimeoutMs":8000,"childTimeoutMs":8000,"startedAtUtc":"2026-10-02T05:57:08.711Z","completedAtUtc":"2026-10-02T05:57:08.783Z","durationMs":72,"status":"completed","exitCode":0,"timedOut":false,"cancelled":false,"stdoutBytes":5520,"stdoutSha256":"a1b6a971ee6d7f73c8a6e599e428eadca321f0a335d9ba59994916272d2e4e4b","stderrBytes":0,"stderrSha256":"e3b0c44298fc1c149afbf4c8996fb92427ae41e4649b934ca495991b7852b855"}
✔ native sendInput returns its TurnResult after an installed Hook and native Read (571.3242ms)
U06_HOOK_PROCESS {"event":"UserPromptSubmit","kind":"installed-hook","file":"E:\\Xiadie\\Xiadie\\.runtime\\P01\\desktop-build-evidence\\toolchain\\node-v24.14.0-win-x64\\node.exe","args":["E:\\Xiadie\\Xiadie\\.runtime\\P01\\worktrees\\u06\\.runtime\\P01\\u06-mock-profiles\\native-int-7YR4NU\\plugin-storage\\cache\\xiadie-local\\xiadie\\0.1.0/hooks/context.mjs"],"nativeTimeoutMs":8000,"childTimeoutMs":8000,"startedAtUtc":"2026-10-02T05:57:09.257Z","completedAtUtc":"2026-10-02T05:57:09.318Z","durationMs":61,"status":"completed","exitCode":0,"timedOut":false,"cancelled":false,"stdoutBytes":5520,"stdoutSha256":"a39bde461f036bf52fe08a9cacb330bb3bcb2d0a55061d51b8358691610ada67","stderrBytes":0,"stderrSha256":"e3b0c44298fc1c149afbf4c8996fb92427ae41e4649b934ca495991b7852b855"}
U06_HOOK_PROCESS {"event":"UserPromptSubmit","kind":"installed-hook","file":"E:\\Xiadie\\Xiadie\\.runtime\\P01\\desktop-build-evidence\\toolchain\\node-v24.14.0-win-x64\\node.exe","args":["E:\\Xiadie\\Xiadie\\.runtime\\P01\\worktrees\\u06\\.runtime\\P01\\u06-mock-profiles\\native-int-7YR4NU\\plugin-storage\\cache\\xiadie-local\\xiadie\\0.1.0/hooks/context.mjs"],"nativeTimeoutMs":8000,"childTimeoutMs":8000,"startedAtUtc":"2026-10-02T05:57:09.390Z","completedAtUtc":"2026-10-02T05:57:09.448Z","durationMs":58,"status":"completed","exitCode":0,"timedOut":false,"cancelled":false,"stdoutBytes":5520,"stdoutSha256":"20d712636f4ecee60343055b189d386aa44062eca06c14dd36dd1c04e6b02c59","stderrBytes":0,"stderrSha256":"e3b0c44298fc1c149afbf4c8996fb92427ae41e4649b934ca495991b7852b855"}
✔ cancelled native sendInput holds exclusivity through completion and permits a fresh turn afterward (636.4044ms)
U06_HOOK_PROCESS {"event":"UserPromptSubmit","kind":"installed-hook","file":"E:\\Xiadie\\Xiadie\\.runtime\\P01\\desktop-build-evidence\\toolchain\\node-v24.14.0-win-x64\\node.exe","args":["E:\\Xiadie\\Xiadie\\.runtime\\P01\\worktrees\\u06\\.runtime\\P01\\u06-mock-profiles\\native-int-JDUSrr\\plugin-storage\\cache\\xiadie-local\\xiadie\\0.1.0/hooks/context.mjs"],"nativeTimeoutMs":8000,"childTimeoutMs":8000,"startedAtUtc":"2026-10-02T05:57:09.889Z","completedAtUtc":"2026-10-02T05:57:09.963Z","durationMs":74,"status":"completed","exitCode":0,"timedOut":false,"cancelled":false,"stdoutBytes":5520,"stdoutSha256":"2f487ab4a648570268c335cdebba06e8056acb6758282d66305465794535ac65","stderrBytes":0,"stderrSha256":"e3b0c44298fc1c149afbf4c8996fb92427ae41e4649b934ca495991b7852b855"}
✖ native compact uses a one-session operation ticket and next turn creates a fresh Hook receipt (553.5167ms)
U06_HOOK_PROCESS {"event":"UserPromptSubmit","kind":"installed-hook","file":"E:\\Xiadie\\Xiadie\\.runtime\\P01\\desktop-build-evidence\\toolchain\\node-v24.14.0-win-x64\\node.exe","args":["E:\\Xiadie\\Xiadie\\.runtime\\P01\\worktrees\\u06\\.runtime\\P01\\u06-mock-profiles\\native-int-yFWlVx\\plugin-storage\\cache\\xiadie-local\\xiadie\\0.1.0/hooks/context.mjs"],"nativeTimeoutMs":8000,"childTimeoutMs":8000,"startedAtUtc":"2026-10-02T05:57:10.441Z","completedAtUtc":"2026-10-02T05:57:10.506Z","durationMs":65,"status":"completed","exitCode":0,"timedOut":false,"cancelled":false,"stdoutBytes":5519,"stdoutSha256":"5a769d38d14a413895c707789da09dd9a893c04215da6fd007708bfd02bcd625","stderrBytes":0,"stderrSha256":"e3b0c44298fc1c149afbf4c8996fb92427ae41e4649b934ca495991b7852b855"}
U06_HOOK_PROCESS {"event":"UserPromptSubmit","kind":"installed-hook","file":"E:\\Xiadie\\Xiadie\\.runtime\\P01\\desktop-build-evidence\\toolchain\\node-v24.14.0-win-x64\\node.exe","args":["E:\\Xiadie\\Xiadie\\.runtime\\P01\\worktrees\\u06\\.runtime\\P01\\u06-mock-profiles\\native-int-yFWlVx\\plugin-storage\\cache\\xiadie-local\\xiadie\\0.1.0/hooks/context.mjs"],"nativeTimeoutMs":8000,"childTimeoutMs":8000,"startedAtUtc":"2026-10-02T05:57:10.552Z","completedAtUtc":"2026-10-02T05:57:10.620Z","durationMs":68,"status":"completed","exitCode":0,"timedOut":false,"cancelled":false,"stdoutBytes":5519,"stdoutSha256":"7d679ecb8561ec17267c12566b2df4206913725809b70462b95b41fce6fb58a6","stderrBytes":0,"stderrSha256":"e3b0c44298fc1c149afbf4c8996fb92427ae41e4649b934ca495991b7852b855"}
✔ resume performs a fresh approved preflight and next native turn receives a new Hook receipt (609.2159ms)
✔ disabled native plugin leaves ordinary native model execution available (433.5759ms)
U06_HOOK_PROCESS {"event":"UserPromptSubmit","kind":"timeout","file":"E:\\Xiadie\\Xiadie\\.runtime\\P01\\desktop-build-evidence\\toolchain\\node-v24.14.0-win-x64\\node.exe","args":["E:\\Xiadie\\Xiadie\\.runtime\\P01\\worktrees\\u06\\packages\\adapters\\zcode\\test\\fixtures\\hook-process-fault.mjs","hang"],"nativeTimeoutMs":8000,"childTimeoutMs":250,"startedAtUtc":"2026-10-02T05:57:11.499Z","completedAtUtc":"2026-10-02T05:57:11.759Z","durationMs":260,"status":"timed_out","signal":"SIGTERM","timedOut":true,"cancelled":false,"stdoutBytes":25,"stdoutSha256":"9726b6b5d49950f81544e11d9762c39288417ab58514e134e54d8b1945d2088b","stderrBytes":0,"stderrSha256":"e3b0c44298fc1c149afbf4c8996fb92427ae41e4649b934ca495991b7852b855","stdoutText":"U06_HANG_FIXTURE_STARTED\n","stderrText":""}
✔ native UserPromptSubmit blocks timeout before any model request (695.2839ms)
U06_HOOK_PROCESS {"event":"UserPromptSubmit","kind":"nonzero","file":"E:\\Xiadie\\Xiadie\\.runtime\\P01\\desktop-build-evidence\\toolchain\\node-v24.14.0-win-x64\\node.exe","args":["E:\\Xiadie\\Xiadie\\.runtime\\P01\\worktrees\\u06\\packages\\adapters\\zcode\\test\\fixtures\\hook-process-fault.mjs","nonzero"],"nativeTimeoutMs":8000,"childTimeoutMs":8000,"startedAtUtc":"2026-10-02T05:57:12.177Z","completedAtUtc":"2026-10-02T05:57:12.229Z","durationMs":52,"status":"failed","exitCode":7,"timedOut":false,"cancelled":false,"stdoutBytes":0,"stdoutSha256":"e3b0c44298fc1c149afbf4c8996fb92427ae41e4649b934ca495991b7852b855","stderrBytes":28,"stderrSha256":"58171ec48899d8799cc65b39d56b373daf0452d2d42cb4b0bc2273173d0c12c9","stdoutText":"","stderrText":"U06_NONZERO_FIXTURE_FAILURE\n"}
✔ native UserPromptSubmit blocks nonzero before any model request (474.8441ms)
U06_HOOK_PROCESS {"event":"UserPromptSubmit","kind":"bad-json","file":"E:\\Xiadie\\Xiadie\\.runtime\\P01\\desktop-build-evidence\\toolchain\\node-v24.14.0-win-x64\\node.exe","args":["E:\\Xiadie\\Xiadie\\.runtime\\P01\\worktrees\\u06\\packages\\adapters\\zcode\\test\\fixtures\\hook-process-fault.mjs","bad-json"],"nativeTimeoutMs":8000,"childTimeoutMs":8000,"startedAtUtc":"2026-10-02T05:57:12.674Z","completedAtUtc":"2026-10-02T05:57:12.734Z","durationMs":60,"status":"completed","exitCode":0,"timedOut":false,"cancelled":false,"stdoutBytes":9,"stdoutSha256":"60498ebafa3f473a2a72c1242e8c3202bf50a6d81dfc721958be1550f46faf33","stderrBytes":0,"stderrSha256":"e3b0c44298fc1c149afbf4c8996fb92427ae41e4649b934ca495991b7852b855","stdoutText":"not-json\n","stderrText":""}
✔ native UserPromptSubmit blocks bad-json before any model request (492.4399ms)
U06_HOOK_PROCESS {"event":"UserPromptSubmit","kind":"installed-hook","file":"E:\\Xiadie\\Xiadie\\.runtime\\P01\\desktop-build-evidence\\toolchain\\node-v24.14.0-win-x64\\node.exe","args":["E:\\Xiadie\\Xiadie\\.runtime\\P01\\worktrees\\u06\\.runtime\\P01\\u06-mock-profiles\\native-int-DZbNPO\\plugin-storage\\cache\\xiadie-local\\xiadie\\0.1.0/hooks/context.mjs"],"nativeTimeoutMs":8000,"childTimeoutMs":8000,"startedAtUtc":"2026-10-02T05:57:13.147Z","completedAtUtc":"2026-10-02T05:57:13.212Z","durationMs":65,"status":"completed","exitCode":0,"timedOut":false,"cancelled":false,"stdoutBytes":5519,"stdoutSha256":"85f3567653be377130896b0557bec344dd88a0197a64d935935a0180ee8c1302","stderrBytes":0,"stderrSha256":"e3b0c44298fc1c149afbf4c8996fb92427ae41e4649b934ca495991b7852b855"}
✔ native UserPromptSubmit blocks schema before any model request (476.6393ms)
U06_HOOK_PROCESS {"event":"UserPromptSubmit","kind":"installed-hook","file":"E:\\Xiadie\\Xiadie\\.runtime\\P01\\desktop-build-evidence\\toolchain\\node-v24.14.0-win-x64\\node.exe","args":["E:\\Xiadie\\Xiadie\\.runtime\\P01\\worktrees\\u06\\.runtime\\P01\\u06-mock-profiles\\native-int-hedGhA\\plugin-storage\\cache\\xiadie-local\\xiadie\\0.1.0/hooks/context.mjs"],"nativeTimeoutMs":8000,"childTimeoutMs":8000,"startedAtUtc":"2026-10-02T05:57:13.632Z","completedAtUtc":"2026-10-02T05:57:13.704Z","durationMs":72,"status":"completed","exitCode":0,"timedOut":false,"cancelled":false,"stdoutBytes":5519,"stdoutSha256":"feb75f3279a48026011b71a213c596bb5e05d073c3f7c690d75405d5108bd26c","stderrBytes":0,"stderrSha256":"e3b0c44298fc1c149afbf4c8996fb92427ae41e4649b934ca495991b7852b855"}
✔ native UserPromptSubmit blocks missing-receipt before any model request (493.1617ms)
U06_HOOK_PROCESS {"event":"UserPromptSubmit","kind":"installed-hook","file":"E:\\Xiadie\\Xiadie\\.runtime\\P01\\desktop-build-evidence\\toolchain\\node-v24.14.0-win-x64\\node.exe","args":["E:\\Xiadie\\Xiadie\\.runtime\\P01\\worktrees\\u06\\.runtime\\P01\\u06-mock-profiles\\native-int-dJx6p2\\plugin-storage\\cache\\xiadie-local\\xiadie\\0.1.0/hooks/context.mjs"],"nativeTimeoutMs":8000,"childTimeoutMs":8000,"startedAtUtc":"2026-10-02T05:57:14.123Z","completedAtUtc":"2026-10-02T05:57:14.187Z","durationMs":64,"status":"completed","exitCode":0,"timedOut":false,"cancelled":false,"stdoutBytes":5519,"stdoutSha256":"3c801a94e39601fa1fa9dcf9a1e5c96d03f829faaf960248ebe4b45a0251f6a4","stderrBytes":0,"stderrSha256":"e3b0c44298fc1c149afbf4c8996fb92427ae41e4649b934ca495991b7852b855"}
✔ native UserPromptSubmit blocks truncated before any model request (484.1503ms)
✖ missing native Hook receipt is rejected at model delegate boundary (458.2604ms)
U06_HOOK_PROCESS {"event":"UserPromptSubmit","kind":"installed-hook","file":"node","args":["E:\\Xiadie\\Xiadie\\.runtime\\P01\\worktrees\\u06\\.runtime\\P01\\u06-mock-profiles\\native-int-Jn7avh\\plugin-storage\\cache\\xiadie-local\\xiadie\\0.1.0/hooks/alternate-context.mjs"],"nativeTimeoutMs":8000,"childTimeoutMs":8000,"startedAtUtc":"2026-10-02T05:57:15.060Z","completedAtUtc":"2026-10-02T05:57:15.129Z","durationMs":69,"status":"failed","exitCode":1,"timedOut":false,"cancelled":false,"stdoutBytes":0,"stdoutSha256":"e3b0c44298fc1c149afbf4c8996fb92427ae41e4649b934ca495991b7852b855","stderrBytes":85,"stderrSha256":"97baad7da456bc213fb32b97001625b6a70e29c6028d4c74c9d4dbe9846c9d46"}
✔ an unknown Hook path cannot create a native model request (490.4998ms)
✔ an invalid approved character asset fails before native submit or model work (86.3328ms)
ℹ tests 15
ℹ suites 0
ℹ pass 13
ℹ fail 2
ℹ cancelled 0
ℹ skipped 0
ℹ todo 0
ℹ duration_ms 11191.5444

✖ failing tests:

test at packages\adapters\zcode\test\native.integration.test.mjs:109:1
✖ native compact uses a one-session operation ticket and next turn creates a fresh Hook receipt (553.5167ms)
  AssertionError [ERR_ASSERTION]: native compact failed with session sess_83be8ecc-6ed7-43cb-a7bc-20921cb02d64: Compact failed; admissionFailures=[{"reasonCode":"compact-session","status":"blocked","timedOut":false,"cancelled":false,"stdoutSha256":"e3b0c44298fc1c149afbf4c8996fb92427ae41e4649b934ca495991b7852b855","stderrSha256":"e3b0c44298fc1c149afbf4c8996fb92427ae41e4649b934ca495991b7852b855","sessionId":"sess_83be8ecc-6ed7-43cb-a7bc-20921cb02d64","turnId":"turn_b99d4a7c-92a7-4153-a679-2064f3c56516","nonce":"Ow-lItBFNtyfksh2XWcEO4ieuszYgdZr","operation":"context_compaction","identity":{"id":"xiadie","version":"v3","digest":"a688c669c4f556495131ac69cdc868a5b2ee93614eff814fc0793b1690c99bb4"}}]
      at TestContext.<anonymous> (file:///E:/Xiadie/Xiadie/.runtime/P01/worktrees/u06/packages/adapters/zcode/test/native.integration.test.mjs:117:12)
      at process.processTicksAndRejections (node:internal/process/task_queues:104:5)
      at async Test.run (node:internal/test_runner/test:1125:7)
      at async Test.processPendingSubtests (node:internal/test_runner/test:787:7) {
    generatedMessage: false,
    code: 'ERR_ASSERTION',
    actual: undefined,
    expected: undefined,
    operator: 'fail',
    diff: 'simple'
  }

test at packages\adapters\zcode\test\native.integration.test.mjs:171:1
✖ missing native Hook receipt is rejected at model delegate boundary (458.2604ms)
  AssertionError [ERR_ASSERTION]: The input did not match the regular expression /identity gate rejected model delegation/. Input:
  
  'Error: Turn execution failed'
  
      at async TestContext.<anonymous> (file:///E:/Xiadie/Xiadie/.runtime/P01/worktrees/u06/packages/adapters/zcode/test/native.integration.test.mjs:173:3)
      at async Test.run (node:internal/test_runner/test:1125:7)
      at async Test.processPendingSubtests (node:internal/test_runner/test:787:7) {
    generatedMessage: true,
    code: 'ERR_ASSERTION',
    actual: Error: Turn execution failed
        at createCoreError (file:///E:/Xiadie/Xiadie/.runtime/P00/zcode/source/apps/zcode-cli/packages/contracts/dist/errors/index.js:47:19)
        at createTurnFailureError (file:///E:/Xiadie/Xiadie/.runtime/P00/zcode/source/apps/zcode-cli/packages/core/dist/runtime/helpers/turn-errors.js:73:12)
        at file:///E:/Xiadie/Xiadie/.runtime/P00/zcode/source/apps/zcode-cli/packages/core/dist/runtime/methods/turn.js:554:31
        at async AgentRuntime.runRuntimeCommand (file:///E:/Xiadie/Xiadie/.runtime/P00/zcode/source/apps/zcode-cli/packages/core/dist/runtime/methods/runtime-command-queue.js:164:32)
        at async AgentRuntime.drainRuntimeCommandQueue (file:///E:/Xiadie/Xiadie/.runtime/P00/zcode/source/apps/zcode-cli/packages/core/dist/runtime/methods/runtime-command-queue.js:45:13) {
      [cause]: Error: Xiadie identity gate rejected model delegation: missing, stale, cross-turn, or incomplete packet receipt
          at enforceModelGate (file:///E:/Xiadie/Xiadie/.runtime/P01/worktrees/u06/dist/packages/adapters/zcode/src/host.js:353:15)
          at ExecutableModel.value (file:///E:/Xiadie/Xiadie/.runtime/P01/worktrees/u06/dist/packages/adapters/zcode/src/host.js:308:17)
          at file:///E:/Xiadie/Xiadie/.runtime/P00/zcode/source/apps/zcode-cli/packages/core/dist/runtime/methods/runtime-model.js:43:132
          at AsyncLocalStorage.run (node:internal/async_local_storage/async_context_frame:63:14)
          at runWithModelInvocationContext (file:///E:/Xiadie/Xiadie/.runtime/P00/zcode/source/apps/zcode-cli/packages/contracts/dist/model/invocation-context.js:7:43)
          at Object.generateText (file:///E:/Xiadie/Xiadie/.runtime/P00/zcode/source/apps/zcode-cli/packages/core/dist/runtime/methods/runtime-model.js:43:20)
          at file:///E:/Xiadie/Xiadie/.runtime/P00/zcode/source/apps/zcode-cli/packages/core/dist/runtime/methods/runtime-model.js:43:132
          at AsyncLocalStorage.run (node:internal/async_local_storage/async_context_frame:63:14)
          at runWithModelInvocationContext (file:///E:/Xiadie/Xiadie/.runtime/P00/zcode/source/apps/zcode-cli/packages/contracts/dist/model/invocation-context.js:7:43)
          at Object.generateText (file:///E:/Xiadie/Xiadie/.runtime/P00/zcode/source/apps/zcode-cli/packages/core/dist/runtime/methods/runtime-model.js:43:20)
    },
    expected: /identity gate rejected model delegation/,
    operator: 'rejects',
    diff: 'simple'
  }
