command=pnpm test:integration P01-U03 P01-U04 P01-U05 P01-U06

> xiadie@0.1.0 test:integration E:\Xiadie\Xiadie\.runtime\P01\worktrees\u06
> pnpm run build && node tools/run-tests.mjs integration "P01-U03" "P01-U04" "P01-U05" "P01-U06"


> xiadie@0.1.0 build E:\Xiadie\Xiadie\.runtime\P01\worktrees\u06
> tsc --project tsconfig.json

(node:66516) ExperimentalWarning: SQLite is an experimental feature and might change at any time
(Use `node --trace-warnings ...` to show where the warning was created)
U06_HOOK_PROCESS {"event":"UserPromptSubmit","kind":"installed-hook","file":"E:\\Xiadie\\Xiadie\\.runtime\\P01\\desktop-build-evidence\\toolchain\\node-v24.14.0-win-x64\\node.exe","args":["E:\\Xiadie\\Xiadie\\.runtime\\P01\\worktrees\\u06\\.runtime\\P01\\u06-mock-profiles\\native-int-zKAQ4T\\plugin-storage\\cache\\xiadie-local\\xiadie\\0.1.0/hooks/context.mjs"],"nativeTimeoutMs":8000,"childTimeoutMs":8000,"startedAtUtc":"2026-10-02T06:07:37.749Z","completedAtUtc":"2026-10-02T06:07:37.815Z","durationMs":66,"status":"completed","exitCode":0,"timedOut":false,"cancelled":false,"stdoutBytes":5520,"stdoutSha256":"48a83583731529a015c15ded457dc2484fd4564265e4fe752ee116b9086ea726","stderrBytes":0,"stderrSha256":"e3b0c44298fc1c149afbf4c8996fb92427ae41e4649b934ca495991b7852b855"}
✔ native marketplace install/discovery, Hook process, native Read and local mock model (756.3629ms)
U06_HOOK_PROCESS {"event":"UserPromptSubmit","kind":"installed-hook","file":"E:\\Xiadie\\Xiadie\\.runtime\\P01\\desktop-build-evidence\\toolchain\\node-v24.14.0-win-x64\\node.exe","args":["E:\\Xiadie\\Xiadie\\.runtime\\P01\\worktrees\\u06\\.runtime\\P01\\u06-mock-profiles\\native-int-rApYiV\\plugin-storage\\cache\\xiadie-local\\xiadie\\0.1.0/hooks/context.mjs"],"nativeTimeoutMs":8000,"childTimeoutMs":8000,"startedAtUtc":"2026-10-02T06:07:38.401Z","completedAtUtc":"2026-10-02T06:07:38.466Z","durationMs":65,"status":"completed","exitCode":0,"timedOut":false,"cancelled":false,"stdoutBytes":5520,"stdoutSha256":"6d35725a3c5363c6d9139b0b26ae493ed01ce8c1653f77915a1139a8beff128a","stderrBytes":0,"stderrSha256":"e3b0c44298fc1c149afbf4c8996fb92427ae41e4649b934ca495991b7852b855"}
✔ native sendInput returns its TurnResult after an installed Hook and native Read (590.836ms)
U06_HOOK_PROCESS {"event":"UserPromptSubmit","kind":"installed-hook","file":"E:\\Xiadie\\Xiadie\\.runtime\\P01\\desktop-build-evidence\\toolchain\\node-v24.14.0-win-x64\\node.exe","args":["E:\\Xiadie\\Xiadie\\.runtime\\P01\\worktrees\\u06\\.runtime\\P01\\u06-mock-profiles\\native-int-3tlt6V\\plugin-storage\\cache\\xiadie-local\\xiadie\\0.1.0/hooks/context.mjs"],"nativeTimeoutMs":8000,"childTimeoutMs":8000,"startedAtUtc":"2026-10-02T06:07:39.009Z","completedAtUtc":"2026-10-02T06:07:39.078Z","durationMs":69,"status":"completed","exitCode":0,"timedOut":false,"cancelled":false,"stdoutBytes":5520,"stdoutSha256":"656c1787bb6af5dd1da1133c93c17513ef4e4178bd354ea8de0c0117c9d59c1c","stderrBytes":0,"stderrSha256":"e3b0c44298fc1c149afbf4c8996fb92427ae41e4649b934ca495991b7852b855"}
U06_HOOK_PROCESS {"event":"UserPromptSubmit","kind":"installed-hook","file":"E:\\Xiadie\\Xiadie\\.runtime\\P01\\desktop-build-evidence\\toolchain\\node-v24.14.0-win-x64\\node.exe","args":["E:\\Xiadie\\Xiadie\\.runtime\\P01\\worktrees\\u06\\.runtime\\P01\\u06-mock-profiles\\native-int-3tlt6V\\plugin-storage\\cache\\xiadie-local\\xiadie\\0.1.0/hooks/context.mjs"],"nativeTimeoutMs":8000,"childTimeoutMs":8000,"startedAtUtc":"2026-10-02T06:07:39.141Z","completedAtUtc":"2026-10-02T06:07:39.205Z","durationMs":64,"status":"completed","exitCode":0,"timedOut":false,"cancelled":false,"stdoutBytes":5520,"stdoutSha256":"beddf90bf4dac17a8871e460aa65d167654b263d2f2d6239afed21ec94026781","stderrBytes":0,"stderrSha256":"e3b0c44298fc1c149afbf4c8996fb92427ae41e4649b934ca495991b7852b855"}
✔ cancelled native sendInput holds exclusivity through completion and permits a fresh turn afterward (710.0912ms)
U06_HOOK_PROCESS {"event":"UserPromptSubmit","kind":"installed-hook","file":"E:\\Xiadie\\Xiadie\\.runtime\\P01\\desktop-build-evidence\\toolchain\\node-v24.14.0-win-x64\\node.exe","args":["E:\\Xiadie\\Xiadie\\.runtime\\P01\\worktrees\\u06\\.runtime\\P01\\u06-mock-profiles\\native-int-5fPFjG\\plugin-storage\\cache\\xiadie-local\\xiadie\\0.1.0/hooks/context.mjs"],"nativeTimeoutMs":8000,"childTimeoutMs":8000,"startedAtUtc":"2026-10-02T06:07:39.745Z","completedAtUtc":"2026-10-02T06:07:39.811Z","durationMs":66,"status":"completed","exitCode":0,"timedOut":false,"cancelled":false,"stdoutBytes":5520,"stdoutSha256":"5bf401cef42bacbe1e61d7c7ec8fdacd14e39b9a7b44aa3d50c11d359e69e42f","stderrBytes":0,"stderrSha256":"e3b0c44298fc1c149afbf4c8996fb92427ae41e4649b934ca495991b7852b855"}
U06_HOOK_PROCESS {"event":"UserPromptSubmit","kind":"installed-hook","file":"E:\\Xiadie\\Xiadie\\.runtime\\P01\\desktop-build-evidence\\toolchain\\node-v24.14.0-win-x64\\node.exe","args":["E:\\Xiadie\\Xiadie\\.runtime\\P01\\worktrees\\u06\\.runtime\\P01\\u06-mock-profiles\\native-int-5fPFjG\\plugin-storage\\cache\\xiadie-local\\xiadie\\0.1.0/hooks/context.mjs"],"nativeTimeoutMs":8000,"childTimeoutMs":8000,"startedAtUtc":"2026-10-02T06:07:39.896Z","completedAtUtc":"2026-10-02T06:07:39.973Z","durationMs":77,"status":"completed","exitCode":0,"timedOut":false,"cancelled":false,"stdoutBytes":5519,"stdoutSha256":"3bceee5b64fa743ecf857cccae3771d7724359f4facf8f6d8039325ff826a32f","stderrBytes":0,"stderrSha256":"e3b0c44298fc1c149afbf4c8996fb92427ae41e4649b934ca495991b7852b855"}
✔ native compact uses a one-session operation ticket and next turn creates a fresh Hook receipt (768.1998ms)
U06_HOOK_PROCESS {"event":"UserPromptSubmit","kind":"installed-hook","file":"E:\\Xiadie\\Xiadie\\.runtime\\P01\\desktop-build-evidence\\toolchain\\node-v24.14.0-win-x64\\node.exe","args":["E:\\Xiadie\\Xiadie\\.runtime\\P01\\worktrees\\u06\\.runtime\\P01\\u06-mock-profiles\\native-int-zAbJgp\\plugin-storage\\cache\\xiadie-local\\xiadie\\0.1.0/hooks/context.mjs"],"nativeTimeoutMs":8000,"childTimeoutMs":8000,"startedAtUtc":"2026-10-02T06:07:40.466Z","completedAtUtc":"2026-10-02T06:07:40.532Z","durationMs":66,"status":"completed","exitCode":0,"timedOut":false,"cancelled":false,"stdoutBytes":5519,"stdoutSha256":"25ad738d337db2d58fd094a7ee638cafc42458ba023479868b4f18c4662cd0bd","stderrBytes":0,"stderrSha256":"e3b0c44298fc1c149afbf4c8996fb92427ae41e4649b934ca495991b7852b855"}
U06_HOOK_PROCESS {"event":"UserPromptSubmit","kind":"installed-hook","file":"E:\\Xiadie\\Xiadie\\.runtime\\P01\\desktop-build-evidence\\toolchain\\node-v24.14.0-win-x64\\node.exe","args":["E:\\Xiadie\\Xiadie\\.runtime\\P01\\worktrees\\u06\\.runtime\\P01\\u06-mock-profiles\\native-int-zAbJgp\\plugin-storage\\cache\\xiadie-local\\xiadie\\0.1.0/hooks/context.mjs"],"nativeTimeoutMs":8000,"childTimeoutMs":8000,"startedAtUtc":"2026-10-02T06:07:40.629Z","completedAtUtc":"2026-10-02T06:07:40.693Z","durationMs":64,"status":"completed","exitCode":0,"timedOut":false,"cancelled":false,"stdoutBytes":5520,"stdoutSha256":"0d1b8365b9f004e28b245c1bc4ab99a38b82d4b11302df4d36477c78effb9687","stderrBytes":0,"stderrSha256":"e3b0c44298fc1c149afbf4c8996fb92427ae41e4649b934ca495991b7852b855"}
✔ resume performs a fresh approved preflight and next native turn receives a new Hook receipt (734.9555ms)
✔ disabled native plugin leaves ordinary native model execution available (464.9799ms)
U06_HOOK_PROCESS {"event":"UserPromptSubmit","kind":"timeout","file":"E:\\Xiadie\\Xiadie\\.runtime\\P01\\desktop-build-evidence\\toolchain\\node-v24.14.0-win-x64\\node.exe","args":["E:\\Xiadie\\Xiadie\\.runtime\\P01\\worktrees\\u06\\packages\\adapters\\zcode\\test\\fixtures\\hook-process-fault.mjs","hang"],"nativeTimeoutMs":8000,"childTimeoutMs":250,"startedAtUtc":"2026-10-02T06:07:41.652Z","completedAtUtc":"2026-10-02T06:07:41.914Z","durationMs":262,"status":"timed_out","signal":"SIGTERM","timedOut":true,"cancelled":false,"stdoutBytes":25,"stdoutSha256":"9726b6b5d49950f81544e11d9762c39288417ab58514e134e54d8b1945d2088b","stderrBytes":0,"stderrSha256":"e3b0c44298fc1c149afbf4c8996fb92427ae41e4649b934ca495991b7852b855","stdoutText":"U06_HANG_FIXTURE_STARTED\n","stderrText":""}
✔ native UserPromptSubmit blocks timeout before any model request (726.2665ms)
U06_HOOK_PROCESS {"event":"UserPromptSubmit","kind":"nonzero","file":"E:\\Xiadie\\Xiadie\\.runtime\\P01\\desktop-build-evidence\\toolchain\\node-v24.14.0-win-x64\\node.exe","args":["E:\\Xiadie\\Xiadie\\.runtime\\P01\\worktrees\\u06\\packages\\adapters\\zcode\\test\\fixtures\\hook-process-fault.mjs","nonzero"],"nativeTimeoutMs":8000,"childTimeoutMs":8000,"startedAtUtc":"2026-10-02T06:07:42.370Z","completedAtUtc":"2026-10-02T06:07:42.419Z","durationMs":49,"status":"failed","exitCode":7,"timedOut":false,"cancelled":false,"stdoutBytes":0,"stdoutSha256":"e3b0c44298fc1c149afbf4c8996fb92427ae41e4649b934ca495991b7852b855","stderrBytes":28,"stderrSha256":"58171ec48899d8799cc65b39d56b373daf0452d2d42cb4b0bc2273173d0c12c9","stdoutText":"","stderrText":"U06_NONZERO_FIXTURE_FAILURE\n"}
✔ native UserPromptSubmit blocks nonzero before any model request (500.7124ms)
U06_HOOK_PROCESS {"event":"UserPromptSubmit","kind":"bad-json","file":"E:\\Xiadie\\Xiadie\\.runtime\\P01\\desktop-build-evidence\\toolchain\\node-v24.14.0-win-x64\\node.exe","args":["E:\\Xiadie\\Xiadie\\.runtime\\P01\\worktrees\\u06\\packages\\adapters\\zcode\\test\\fixtures\\hook-process-fault.mjs","bad-json"],"nativeTimeoutMs":8000,"childTimeoutMs":8000,"startedAtUtc":"2026-10-02T06:07:42.876Z","completedAtUtc":"2026-10-02T06:07:42.928Z","durationMs":52,"status":"completed","exitCode":0,"timedOut":false,"cancelled":false,"stdoutBytes":9,"stdoutSha256":"60498ebafa3f473a2a72c1242e8c3202bf50a6d81dfc721958be1550f46faf33","stderrBytes":0,"stderrSha256":"e3b0c44298fc1c149afbf4c8996fb92427ae41e4649b934ca495991b7852b855","stdoutText":"not-json\n","stderrText":""}
✔ native UserPromptSubmit blocks bad-json before any model request (501.1145ms)
U06_HOOK_PROCESS {"event":"UserPromptSubmit","kind":"installed-hook","file":"E:\\Xiadie\\Xiadie\\.runtime\\P01\\desktop-build-evidence\\toolchain\\node-v24.14.0-win-x64\\node.exe","args":["E:\\Xiadie\\Xiadie\\.runtime\\P01\\worktrees\\u06\\.runtime\\P01\\u06-mock-profiles\\native-int-sGYdZD\\plugin-storage\\cache\\xiadie-local\\xiadie\\0.1.0/hooks/context.mjs"],"nativeTimeoutMs":8000,"childTimeoutMs":8000,"startedAtUtc":"2026-10-02T06:07:43.389Z","completedAtUtc":"2026-10-02T06:07:43.457Z","durationMs":68,"status":"completed","exitCode":0,"timedOut":false,"cancelled":false,"stdoutBytes":5519,"stdoutSha256":"ea19e291192af91e66120d40ee4e15c006056f94f92972bef383fd16c967a379","stderrBytes":0,"stderrSha256":"e3b0c44298fc1c149afbf4c8996fb92427ae41e4649b934ca495991b7852b855"}
✔ native UserPromptSubmit blocks schema before any model request (530.7717ms)
U06_HOOK_PROCESS {"event":"UserPromptSubmit","kind":"installed-hook","file":"E:\\Xiadie\\Xiadie\\.runtime\\P01\\desktop-build-evidence\\toolchain\\node-v24.14.0-win-x64\\node.exe","args":["E:\\Xiadie\\Xiadie\\.runtime\\P01\\worktrees\\u06\\.runtime\\P01\\u06-mock-profiles\\native-int-eIIdSc\\plugin-storage\\cache\\xiadie-local\\xiadie\\0.1.0/hooks/context.mjs"],"nativeTimeoutMs":8000,"childTimeoutMs":8000,"startedAtUtc":"2026-10-02T06:07:43.962Z","completedAtUtc":"2026-10-02T06:07:44.033Z","durationMs":71,"status":"completed","exitCode":0,"timedOut":false,"cancelled":false,"stdoutBytes":5519,"stdoutSha256":"dbbb841036c314d21eda5ce5e22e9d9d1e8df5e7919c2ccfc8d1ceb295f07fb1","stderrBytes":0,"stderrSha256":"e3b0c44298fc1c149afbf4c8996fb92427ae41e4649b934ca495991b7852b855"}
✔ native UserPromptSubmit blocks missing-receipt before any model request (575.4923ms)
U06_HOOK_PROCESS {"event":"UserPromptSubmit","kind":"installed-hook","file":"E:\\Xiadie\\Xiadie\\.runtime\\P01\\desktop-build-evidence\\toolchain\\node-v24.14.0-win-x64\\node.exe","args":["E:\\Xiadie\\Xiadie\\.runtime\\P01\\worktrees\\u06\\.runtime\\P01\\u06-mock-profiles\\native-int-U1UzMB\\plugin-storage\\cache\\xiadie-local\\xiadie\\0.1.0/hooks/context.mjs"],"nativeTimeoutMs":8000,"childTimeoutMs":8000,"startedAtUtc":"2026-10-02T06:07:44.491Z","completedAtUtc":"2026-10-02T06:07:44.555Z","durationMs":64,"status":"completed","exitCode":0,"timedOut":false,"cancelled":false,"stdoutBytes":5519,"stdoutSha256":"7cd12c9d1764c223cb3c5fb63d9f9e3ed32c96d44fd595e2cf5c7b1e5b24f346","stderrBytes":0,"stderrSha256":"e3b0c44298fc1c149afbf4c8996fb92427ae41e4649b934ca495991b7852b855"}
✔ native UserPromptSubmit blocks truncated before any model request (522.3433ms)
✔ missing native Hook receipt is rejected at model delegate boundary (467.6119ms)
U06_HOOK_PROCESS {"event":"UserPromptSubmit","kind":"installed-hook","file":"node","args":["E:\\Xiadie\\Xiadie\\.runtime\\P01\\worktrees\\u06\\.runtime\\P01\\u06-mock-profiles\\native-int-EhyBhb\\plugin-storage\\cache\\xiadie-local\\xiadie\\0.1.0/hooks/alternate-context.mjs"],"nativeTimeoutMs":8000,"childTimeoutMs":8000,"startedAtUtc":"2026-10-02T06:07:45.468Z","completedAtUtc":"2026-10-02T06:07:45.523Z","durationMs":55,"status":"failed","exitCode":1,"timedOut":false,"cancelled":false,"stdoutBytes":0,"stdoutSha256":"e3b0c44298fc1c149afbf4c8996fb92427ae41e4649b934ca495991b7852b855","stderrBytes":85,"stderrSha256":"97baad7da456bc213fb32b97001625b6a70e29c6028d4c74c9d4dbe9846c9d46"}
✔ an unknown Hook path cannot create a native model request (510.6087ms)
✔ an invalid approved character asset fails before native submit or model work (94.7171ms)
✔ approved asset loads as an immutable snapshot with no writer capability (5.0929ms)
✔ schema validity and copied source hashes cannot forge an approved snapshot (2.6203ms)
✔ missing and wrongly named asset files reject loading (21.0469ms)
✔ wrong identity and path-like selection are rejected before file access (0.1678ms)
✔ tampered content and malformed JSON cannot silently fall back (28.692ms)
✔ editing both content and its self-reported hash does not grant approval (12.2667ms)
✔ oversized files are rejected before unbounded reading or parsing (25.2793ms)
✔ real directory junction cannot redirect asset reads outside the configured root (7.304ms)
✔ approved loader snapshot produces the pinned instruction and keeps dynamic tool data as evidence (4.5462ms)
✔ P01-U05 is registered in the unit, contract and integration selectors (0.1902ms)
✔ accepts local re-exports and Node built-ins (20.4182ms)
✔ does not mistake a worktree located under .runtime for a Core dependency (11.3803ms)
✔ follows a local wrapper and transitive re-export to forbidden Electron (10.3493ms)
✔ rejects a transitive import into adapters even through a local wrapper (9.3965ms)
✔ fails closed for computed dynamic import and require targets (16.4898ms)
✔ rejects configured local aliases that resolve into references (18.1ms)
✔ rejects file URLs and absolute Windows module paths (8.5886ms)
✔ maps the U03 task selector and rejects unknown selectors (0.4329ms)
✔ test runner exits nonzero for an unknown command-line task selector (44.9426ms)
✔ rejects a Core directory junction (3.3274ms)
✔ rejects a source junction located inside Core (8.824ms)
✔ rejects a wrapper import that crosses a directory junction (26.2733ms)
✔ allows a pnpm-style dependency junction whose canonical target stays under node_modules (14.6295ms)
✔ rejects pnpm-style junctions whose canonical targets enter forbidden paths (37.8878ms)
✔ rejects a node_modules junction whose canonical target is outside the repository (14.2878ms)
ℹ tests 40
ℹ suites 0
ℹ pass 40
ℹ fail 0
ℹ cancelled 0
ℹ skipped 0
ℹ todo 0
ℹ duration_ms 11611.7567
pnpmExitCode=0
