✔ disabled host submits concurrently through the native app without an extension queue (11.7207ms)
✔ enabled host forces native storage into its owned profile and keeps user-config storage overrides contained (19.1464ms)
✔ enabled host rejects missing config isolation and external storage environment before native app creation (16.6169ms)
✔ enabled host rejects a storage junction that resolves outside its owned profile (13.6692ms)
✔ model adapter rejects a call without the current Hook receipt before delegate and bounds admission history (14.9381ms)
✔ enabled sendInput forces idle admission and holds the host lock until native completion (20.0986ms)
✔ enabled sendInput clears its ticket and idle lock when native admission rejects (15.8676ms)
✔ merges duplicate native stream and TurnResult events, orders receipts, and preserves the native reply (9.5344ms)
✔ keeps distinct native TurnResult-only sequence-zero events and merges their live copies by ID (0.3991ms)
✔ same event ID with conflicting turn or terminal payload fails closed (0.4435ms)
✔ a normal turn and confident role text stay unverified when a required receipt failed or is absent (0.2113ms)
✔ hook block remains blocked even when native turn lifecycle says success (0.1284ms)
✔ partial receipts, cancellation, and empty completion fallback keep text and execution facts separate (0.162ms)
✔ conflicting terminal receipts fail closed and a no-tool conversation has an independent evidence state (0.2374ms)
✔ collector can subscribe before native admission, then bind and discard other turns (0.5312ms)
✔ six-field approved schema preserves provenance and fictional example labels (7.8379ms)
✔ missing, empty and unknown fields fail validation (2.3664ms)
✔ wrong character, name and version cannot become a generic identity (0.5026ms)
✔ source, license and fiction metadata must match the approved schema (0.7205ms)
✔ field and total limits count UTF-8 bytes (0.5836ms)
✔ accessors and cycles are rejected without invoking asset code (0.4615ms)
✔ rejects the same physical source root and existing or future descendants (11.0093ms)
✔ rejects a Windows case-variant alias of the source tree (4.8938ms)
✔ allows a prefix-adjacent sibling output directory (3.3887ms)
✔ resolves an existing junction ancestor before checking containment (3.7841ms)
✔ default profile is offline, no-key, versioned and limited to the official model IDs (2.2491ms)
✔ profile schema rejects secrets, arbitrary credential references, paths and persisted authorization (0.4373ms)
✔ portable export/import carries only validated non-secret settings across independent roots (4.6075ms)
✔ owned profile paths derive every app directory beneath the isolated root (2.4767ms)
✔ owned paths reject a linked root and a junction or symlink escaping to another profile (4.822ms)
✔ child environment preserves only the system allowlist and owned profile paths (2.8436ms)
✔ child environment requires an OS-assigned loopback origin and refuses fixed 9229 (6.8672ms)
✔ patchReadOnlyWarmup executes the fixed initialize source and keeps the ready path unchanged (28.9625ms)
✔ provider_not_ready alone falls back to the native read-only client (5.2639ms)
✔ non-provider startup errors keep the existing failure path and do not fall back (4.7141ms)
✔ constructs immutable instructions only from the approved snapshot and puts canon in fictional state (12.7921ms)
✔ schema-only and copied role values cannot create instruction packets (3.4624ms)
✔ hostile memory and trusted facts stay in their data partitions (2.7075ms)
✔ stable serialization sorts nested object keys and correctly escapes strings (4.3226ms)
✔ rejects structurally valid packets copied or deserialized outside the builder (2.2251ms)
✔ rejects missing references, invalid scope and caller-supplied instruction keys (2.12ms)
✔ rejects accessor input without invoking it and enforces finite payload limits (2.2816ms)
✔ snapshots descriptor values once without invoking Proxy get traps (1.9122ms)
✔ input mutation cannot alter the packet snapshot or rendered bytes (2.1706ms)
✔ budget is checked against the whole serialized packet and never returns a partial string (4.0811ms)
✔ accepts ordinary JSON values and shared non-cyclic references (1.0894ms)
✔ rejects values JSON.stringify would omit, coerce, or fail to encode (0.1695ms)
✔ rejects cycles, sparse arrays, accessors, symbols, and hidden fields (0.8652ms)
✔ no-key, offline and denied decisions do not call the parent resolver (1.9357ms)
✔ an offline profile requires a fresh per-call authorization before resolving in parent memory (0.1715ms)
✔ resolver failures are sanitized without the original message, stack or cause (0.6024ms)
✔ credential-use throws and rejected promises are sanitized without message, stack or cause (0.3762ms)
✔ empty or missing parent credentials fail with the same generic diagnostic (0.2148ms)
✔ case manifest follows the preflight five scenarios and bounded two-route budget (0.8764ms)
✔ native spec is bound to an exact frozen case and loopback origin (1.4661ms)
✔ Node network guard allows the bound live loopback and denies other ports and hosts (98.5282ms)
✔ loopback provider appends /v1 and has only a synthetic child key (0.206ms)
✔ profile bridge rejects secret-like system variables and mock output contains no canary (13.8286ms)
✔ filesystem adapter allows reads only under the physical workspace and denies writes/search (7.5441ms)
✔ native terminal receipt journal is synchronous, correlated and content-minimal (5.4562ms)
✔ model observer writes correlated packet receipt before delegation and never writes messages (10.8166ms)
ℹ tests 61
ℹ suites 0
ℹ pass 61
ℹ fail 0
ℹ cancelled 0
ℹ skipped 0
ℹ todo 0
ℹ duration_ms 337.5677
