
> xiadie@0.1.0 test:unit E:\Xiadie\Xiadie
> pnpm run build && node tools/run-tests.mjs unit


> xiadie@0.1.0 build E:\Xiadie\Xiadie
> tsc --project tsconfig.json

✔ six-field approved schema preserves provenance and fictional example labels (14.5394ms)
✔ missing, empty and unknown fields fail validation (3.143ms)
✔ wrong character, name and version cannot become a generic identity (0.9279ms)
✔ source, license and fiction metadata must match the approved schema (0.9088ms)
✔ field and total limits count UTF-8 bytes (0.9237ms)
✔ accessors and cycles are rejected without invoking asset code (0.6499ms)
✔ accepts ordinary JSON values and shared non-cyclic references (0.9628ms)
✔ rejects values JSON.stringify would omit, coerce, or fail to encode (0.4283ms)
✔ rejects cycles, sparse arrays, accessors, symbols, and hidden fields (0.1912ms)
ℹ tests 9
ℹ suites 0
ℹ pass 9
ℹ fail 0
ℹ cancelled 0
ℹ skipped 0
ℹ todo 0
ℹ duration_ms 143.5632
