Scope: all 33 workspace projects
Lockfile is up to date, resolution step is skipped
Packages: +1885
++++++++++++++++++++++++++++++++++++++++++++++++++++++++++++++++++++++++++++++++
Progress: resolved 0, reused 1, downloaded 0, added 0
Progress: resolved 0, reused 72, downloaded 1, added 69

   ╭──────────────────────────────────────────────╮
   │                                              │
   │     Update available! 10.33.2 → 12.8.1.      │
   │     Changelog: https://pnpm.io/v/12.8.1      │
   │   To update, run: corepack use pnpm@12.8.1   │
   │                                              │
   ╰──────────────────────────────────────────────╯

Progress: resolved 0, reused 72, downloaded 88, added 152
Progress: resolved 0, reused 72, downloaded 122, added 193
Progress: resolved 0, reused 72, downloaded 148, added 219
Progress: resolved 0, reused 72, downloaded 175, added 235
Progress: resolved 0, reused 72, downloaded 207, added 252
Progress: resolved 0, reused 72, downloaded 246, added 273
Progress: resolved 0, reused 72, downloaded 269, added 283
Progress: resolved 0, reused 72, downloaded 291, added 287
Progress: resolved 0, reused 72, downloaded 322, added 292
Progress: resolved 0, reused 72, downloaded 346, added 296
Progress: resolved 0, reused 72, downloaded 377, added 302
Progress: resolved 0, reused 72, downloaded 409, added 305
Progress: resolved 0, reused 72, downloaded 471, added 314
Progress: resolved 0, reused 72, downloaded 500, added 321
Progress: resolved 0, reused 72, downloaded 553, added 337
Progress: resolved 0, reused 72, downloaded 569, added 359
Progress: resolved 0, reused 72, downloaded 625, added 371
Progress: resolved 0, reused 72, downloaded 675, added 379
Progress: resolved 0, reused 72, downloaded 739, added 391
Progress: resolved 0, reused 72, downloaded 785, added 409
 WARN  Tarball download average speed 14 KiB/s (size 70 KiB) is below 50 KiB/s: https://registry.npmjs.org/yoga-layout/-/yoga-layout-3.2.1.tgz (GET)
Progress: resolved 0, reused 72, downloaded 870, added 425
Progress: resolved 0, reused 72, downloaded 931, added 432
Progress: resolved 0, reused 72, downloaded 987, added 440
Progress: resolved 0, reused 72, downloaded 1041, added 445
Progress: resolved 0, reused 72, downloaded 1088, added 447
Progress: resolved 0, reused 72, downloaded 1144, added 455
Progress: resolved 0, reused 72, downloaded 1191, added 469
Progress: resolved 0, reused 72, downloaded 1206, added 492
Progress: resolved 0, reused 72, downloaded 1235, added 497
Progress: resolved 0, reused 72, downloaded 1285, added 522
Progress: resolved 0, reused 72, downloaded 1327, added 528
Progress: resolved 0, reused 72, downloaded 1376, added 533
Progress: resolved 0, reused 72, downloaded 1420, added 539
Progress: resolved 0, reused 72, downloaded 1465, added 542
Progress: resolved 0, reused 72, downloaded 1513, added 546
Progress: resolved 0, reused 72, downloaded 1571, added 553
Progress: resolved 0, reused 72, downloaded 1600, added 560
Progress: resolved 0, reused 72, downloaded 1626, added 566
Progress: resolved 0, reused 72, downloaded 1640, added 578
Progress: resolved 0, reused 72, downloaded 1648, added 592
Progress: resolved 0, reused 72, downloaded 1657, added 604
Progress: resolved 0, reused 72, downloaded 1661, added 618
Progress: resolved 0, reused 72, downloaded 1663, added 628
Progress: resolved 0, reused 72, downloaded 1665, added 641
Progress: resolved 0, reused 72, downloaded 1666, added 676
Progress: resolved 0, reused 72, downloaded 1666, added 693
Progress: resolved 0, reused 72, downloaded 1666, added 708
Progress: resolved 0, reused 72, downloaded 1666, added 732
Progress: resolved 0, reused 72, downloaded 1666, added 749
Progress: resolved 0, reused 72, downloaded 1666, added 762
Progress: resolved 0, reused 72, downloaded 1666, added 788
Progress: resolved 0, reused 72, downloaded 1666, added 806
Progress: resolved 0, reused 72, downloaded 1667, added 829
Progress: resolved 0, reused 72, downloaded 1667, added 859
Progress: resolved 0, reused 72, downloaded 1667, added 873
Progress: resolved 0, reused 72, downloaded 1667, added 917
Progress: resolved 0, reused 72, downloaded 1667, added 975
Progress: resolved 0, reused 72, downloaded 1667, added 1000
Progress: resolved 0, reused 72, downloaded 1667, added 1037
Progress: resolved 0, reused 72, downloaded 1667, added 1107
Progress: resolved 0, reused 72, downloaded 1667, added 1129
Progress: resolved 0, reused 72, downloaded 1667, added 1139
Progress: resolved 0, reused 72, downloaded 1667, added 1157
Progress: resolved 0, reused 72, downloaded 1667, added 1190
Progress: resolved 0, reused 72, downloaded 1667, added 1229
Progress: resolved 0, reused 72, downloaded 1667, added 1244
Progress: resolved 0, reused 72, downloaded 1667, added 1260
Progress: resolved 0, reused 72, downloaded 1667, added 1266
Progress: resolved 0, reused 72, downloaded 1667, added 1278
Progress: resolved 0, reused 72, downloaded 1667, added 1298
Progress: resolved 0, reused 72, downloaded 1667, added 1327
Progress: resolved 0, reused 72, downloaded 1667, added 1366
Progress: resolved 0, reused 72, downloaded 1667, added 1379
Progress: resolved 0, reused 72, downloaded 1667, added 1385
Progress: resolved 0, reused 72, downloaded 1667, added 1397
Progress: resolved 0, reused 72, downloaded 1667, added 1414
Progress: resolved 0, reused 72, downloaded 1667, added 1438
Progress: resolved 0, reused 72, downloaded 1667, added 1468
Progress: resolved 0, reused 72, downloaded 1667, added 1494
Progress: resolved 0, reused 72, downloaded 1667, added 1513
Progress: resolved 0, reused 72, downloaded 1667, added 1558
Progress: resolved 0, reused 72, downloaded 1667, added 1590
Progress: resolved 0, reused 72, downloaded 1667, added 1621
Progress: resolved 0, reused 72, downloaded 1667, added 1641
Progress: resolved 0, reused 72, downloaded 1667, added 1652
Progress: resolved 0, reused 72, downloaded 1667, added 1703
Progress: resolved 0, reused 72, downloaded 1667, added 1704
Progress: resolved 0, reused 72, downloaded 1667, added 1712
Progress: resolved 0, reused 72, downloaded 1667, added 1722
Progress: resolved 0, reused 72, downloaded 1667, added 1727
Progress: resolved 0, reused 72, downloaded 1667, added 1736
Progress: resolved 0, reused 72, downloaded 1667, added 1738
Progress: resolved 0, reused 72, downloaded 1667, added 1743
Progress: resolved 0, reused 72, downloaded 1667, added 1745
Progress: resolved 0, reused 72, downloaded 1667, added 1761
Progress: resolved 0, reused 72, downloaded 1667, added 1774
Progress: resolved 0, reused 72, downloaded 1667, added 1823
Progress: resolved 0, reused 72, downloaded 1667, added 1852
Progress: resolved 0, reused 72, downloaded 1667, added 1884
Progress: resolved 0, reused 72, downloaded 1667, added 1885
Progress: resolved 0, reused 72, downloaded 1667, added 1885, done
node_modules/protobufjs postinstall$ node scripts/postinstall
node_modules/koffi install$ node src/cnoke/cnoke.js -P . -D src/koffi --prebuild
node_modules/esbuild postinstall$ node install.js
node_modules/electron postinstall$ node install.js
node_modules/protobufjs postinstall: Done
node_modules/esbuild postinstall: Done
node_modules/koffi install: Done
node_modules/node-pty install$ node scripts/prebuild.js || node-gyp rebuild
node_modules/node-pty install: [32m> Checking prebuilds...[0m
node_modules/node-pty install: Done
node_modules/node-pty postinstall$ node scripts/post-install.js
node_modules/node-pty postinstall: [32m> Cleaning release folder...[0m
node_modules/node-pty postinstall: [32m> Moving conpty.dll...[0m
node_modules/node-pty postinstall:   Using os.arch(): x64
node_modules/node-pty postinstall:   Found version 1.23.251008001
node_modules/node-pty postinstall:   Copying E:\Xiadie\Xiadie\.runtime\P01\desktop-source\node_modules\node-pty\third_party\conpty\1.23.251008001\win10-x64\conpty.dll -> E:\Xiadie\Xiadie\.runtime\P01\desktop-source\node_modules\node-pty\build\Release\conpty\conpty.dll
node_modules/node-pty postinstall:   Copying E:\Xiadie\Xiadie\.runtime\P01\desktop-source\node_modules\node-pty\third_party\conpty\1.23.251008001\win10-x64\OpenConsole.exe -> E:\Xiadie\Xiadie\.runtime\P01\desktop-source\node_modules\node-pty\build\Release\conpty\OpenConsole.exe
node_modules/node-pty postinstall: Done
node_modules/cpu-features install$ node buildcheck.js > buildcheck.gypi && node-gyp rebuild
node_modules/electron-winstaller install$ node ./script/select-7z-arch.js
node_modules/cpu-features install: E:\Xiadie\Xiadie\.runtime\P01\desktop-source\node_modules\buildcheck\lib\index.js:133
node_modules/cpu-features install:         throw new Error('Unable to detect compiler type');
node_modules/cpu-features install:         ^
node_modules/cpu-features install: Error: Unable to detect compiler type
node_modules/cpu-features install:     at new BuildEnvironment (E:\Xiadie\Xiadie\.runtime\P01\desktop-source\node_modules\buildcheck\lib\index.js:133:15)
node_modules/cpu-features install:     at Object.<anonymous> (E:\Xiadie\Xiadie\.runtime\P01\desktop-source\node_modules\cpu-features\buildcheck.js:5:12)
node_modules/cpu-features install:     at Module._compile (node:internal/modules/cjs/loader:1812:14)
node_modules/cpu-features install:     at Object..js (node:internal/modules/cjs/loader:1943:10)
node_modules/cpu-features install:     at Module.load (node:internal/modules/cjs/loader:1533:32)
node_modules/cpu-features install:     at Module._load (node:internal/modules/cjs/loader:1335:12)
node_modules/cpu-features install:     at wrapModuleLoad (node:internal/modules/cjs/loader:255:19)
node_modules/cpu-features install:     at Module.executeUserEntryPoint [as runMain] (node:internal/modules/run_main:154:5)
node_modules/cpu-features install:     at node:internal/main/run_main_module:33:47
node_modules/cpu-features install: Node.js v24.14.0
node_modules/electron-winstaller install: Selecting 7-Zip for arch x64
node_modules/cpu-features install: Failed
node_modules/unsafe-pointer install$ node-gyp-build
node_modules/electron-winstaller install: Done
node_modules/unsafe-pointer install: Done
node_modules/msw postinstall$ node -e "import('./config/scripts/postinstall.js').catch(() => void 0)"
node_modules/msw postinstall: Done
apps/zcode-cli/node_modules/esbuild postinstall$ node install.js
apps/zcode-cli/node_modules/esbuild postinstall: Done
node_modules/electron postinstall: Done
node_modules/ssh2 install$ node install.js
node_modules/ssh2 install: gyp info it worked if it ends with ok
node_modules/ssh2 install: gyp info using node-gyp@11.5.0
node_modules/ssh2 install: gyp info using node@24.14.0 | win32 | x64
node_modules/ssh2 install: (node:34344) [DEP0169] DeprecationWarning: `url.parse()` behavior is not standardized and prone to errors that have security implications. Use the WHATWG URL API instead. CVEs are not issued for `url.parse()` vulnerabilities.
node_modules/ssh2 install: (Use `node --trace-deprecation ...` to show where the warning was created)
node_modules/ssh2 install: gyp info find Python using Python version 3.12.10 found at "C:\Users\liyi\AppData\Local\Programs\Python\Python312\python.exe"
node_modules/ssh2 install: gyp http GET https://nodejs.org/download/release/v24.14.0/node-v24.14.0-headers.tar.gz
node_modules/ssh2 install: gyp http 200 https://nodejs.org/download/release/v24.14.0/node-v24.14.0-headers.tar.gz
node_modules/ssh2 install: gyp http GET https://nodejs.org/download/release/v24.14.0/SHASUMS256.txt
node_modules/ssh2 install: gyp http GET https://nodejs.org/download/release/v24.14.0/win-x64/node.lib
node_modules/ssh2 install: gyp http 200 https://nodejs.org/download/release/v24.14.0/SHASUMS256.txt
node_modules/ssh2 install: gyp http 200 https://nodejs.org/download/release/v24.14.0/win-x64/node.lib
node_modules/ssh2 install: gyp ERR! find VS 
node_modules/ssh2 install: gyp ERR! find VS msvs_version not set from command line or npm config
node_modules/ssh2 install: gyp ERR! find VS VCINSTALLDIR not set, not running in VS Command Prompt
node_modules/ssh2 install: gyp ERR! find VS could not use PowerShell to find Visual Studio 2017 or newer, try re-running with '--loglevel silly' for more details.
node_modules/ssh2 install: gyp ERR! find VS 
node_modules/ssh2 install: gyp ERR! find VS Failure details: undefined
node_modules/ssh2 install: gyp ERR! find VS could not find a version of Visual Studio 2017 or newer to use
node_modules/ssh2 install: gyp ERR! find VS not looking for VS2017 as it is only supported up to Node.js 21
node_modules/ssh2 install: gyp ERR! find VS not looking for VS2017 as it is only supported up to Node.js 21
node_modules/ssh2 install: gyp ERR! find VS not looking for VS2017 as it is only supported up to Node.js 21
node_modules/ssh2 install: gyp ERR! find VS not looking for VS2015 as it is only supported up to Node.js 18
node_modules/ssh2 install: gyp ERR! find VS not looking for VS2013 as it is only supported up to Node.js 8
node_modules/ssh2 install: gyp ERR! find VS 
node_modules/ssh2 install: gyp ERR! find VS **************************************************************
node_modules/ssh2 install: gyp ERR! find VS You need to install the latest version of Visual Studio
node_modules/ssh2 install: gyp ERR! find VS including the "Desktop development with C++" workload.
node_modules/ssh2 install: gyp ERR! find VS For more information consult the documentation at:
node_modules/ssh2 install: gyp ERR! find VS https://github.com/nodejs/node-gyp#on-windows
node_modules/ssh2 install: gyp ERR! find VS **************************************************************
node_modules/ssh2 install: gyp ERR! find VS 
node_modules/ssh2 install: gyp ERR! configure error 
node_modules/ssh2 install: gyp ERR! stack Error: Could not find any Visual Studio installation to use
node_modules/ssh2 install: gyp ERR! stack at VisualStudioFinder.fail (E:\Xiadie\Xiadie\.runtime\P01\desktop-source\node_modules\node-gyp\lib\find-visualstudio.js:118:11)
node_modules/ssh2 install: gyp ERR! stack at VisualStudioFinder.findVisualStudio (E:\Xiadie\Xiadie\.runtime\P01\desktop-source\node_modules\node-gyp\lib\find-visualstudio.js:74:17)
node_modules/ssh2 install: gyp ERR! stack at process.processTicksAndRejections (node:internal/process/task_queues:104:5)
node_modules/ssh2 install: gyp ERR! stack at async createBuildDir (E:\Xiadie\Xiadie\.runtime\P01\desktop-source\node_modules\node-gyp\lib\configure.js:112:18)
node_modules/ssh2 install: gyp ERR! stack at async run (E:\Xiadie\Xiadie\.runtime\P01\desktop-source\node_modules\node-gyp\bin\node-gyp.js:81:18)
node_modules/ssh2 install: gyp ERR! System Windows_NT 10.0.26200
node_modules/ssh2 install: gyp ERR! command "E:\\Xiadie\\Xiadie\\.runtime\\P01\\desktop-build-evidence\\toolchain\\node-v24.14.0-win-x64\\node.exe" "E:\\Xiadie\\Xiadie\\.runtime\\P01\\desktop-source\\node_modules\\node-gyp\\bin\\node-gyp.js" "--target=v24.14.0" "--real_openssl_major=3" "rebuild"
node_modules/ssh2 install: gyp ERR! cwd E:\Xiadie\Xiadie\.runtime\P01\desktop-source\node_modules\ssh2\lib\protocol\crypto
node_modules/ssh2 install: gyp ERR! node -v v24.14.0
node_modules/ssh2 install: gyp ERR! node-gyp -v v11.5.0
node_modules/ssh2 install: gyp ERR! not ok 
node_modules/ssh2 install: Failed to build optional crypto binding
node_modules/ssh2 install: Done

. prepare$ husky
. prepare: HUSKY=0 skip install
. prepare: Done
packages/desktop postinstall$ node scripts/node-pty-rebuild.mjs
packages/desktop postinstall: [node-pty] skip electron-rebuild (windows-prebuild-available): E:/Xiadie/Xiadie/.runtime/P01/desktop-source/node_modules/node-pty/prebuilds/win32-x64/pty.node
packages/desktop postinstall: Done
Done in 2m 19.9s using pnpm v10.33.2
