[tsup] ZCODE_ENV=test ZCODE_PRODUCT_FLAVOR=preview
CLI Building entry: {"host/index":"E:\\Xiadie\\Xiadie\\.runtime\\P01\\desktop-source\\packages\\desktop\\src\\host\\index.ts","host/tasksStorageWorker":"E:\\Xiadie\\Xiadie\\.runtime\\P01\\desktop-source\\packages\\desktop\\src\\host\\tasksStorageWorker.ts"}
CLI Using tsconfig: tsconfig.json
CLI tsup v8.5.1
CLI Target: node22
ESM Build start
ESM ..\..\..\u10-candidate-02\packages\desktop\out\host\chunk-B45ORG4E.js     140.00 B
ESM ..\..\..\u10-candidate-02\packages\desktop\out\host\tasksStorageWorker.js 616.00 B
ESM ..\..\..\u10-candidate-02\packages\desktop\out\host\chunk-ZZOLNKTD.js     156.73 KB
ESM ..\..\..\u10-candidate-02\packages\desktop\out\host\chunk-5AJAOD42.js     202.00 B
ESM ..\..\..\u10-candidate-02\packages\desktop\out\host\chunk-OB2MTTZR.js     10.67 KB
ESM ..\..\..\u10-candidate-02\packages\desktop\out\host\chunk-GOVIVXYI.js     1.38 KB
ESM ..\..\..\u10-candidate-02\packages\desktop\out\host\chunk-63EQJRFE.js     857.00 B
ESM ..\..\..\u10-candidate-02\packages\desktop\out\host\chunk-IG3KWOMW.js     96.55 KB
ESM ..\..\..\u10-candidate-02\packages\desktop\out\host\chunk-OAWVEIS4.js     6.48 KB
ESM ..\..\..\u10-candidate-02\packages\desktop\out\host\chunk-VX7P3VUC.js     152.00 B
ESM ..\..\..\u10-candidate-02\packages\desktop\out\host\chunk-QER3M7XR.js     107.93 KB
ESM ..\..\..\u10-candidate-02\packages\desktop\out\host\chunk-L4X5TBCR.js     572.00 B
ESM ..\..\..\u10-candidate-02\packages\desktop\out\host\chunk-VGZV7KBJ.js     11.88 KB
ESM ..\..\..\u10-candidate-02\packages\desktop\out\host\chunk-XPU7OCSY.js     17.67 KB
ESM ..\..\..\u10-candidate-02\packages\desktop\out\host\chunk-6IUWV5UR.js     734.00 B
ESM ..\..\..\u10-candidate-02\packages\desktop\out\host\chunk-6A3RDH7Q.js     872.00 B
ESM ..\..\..\u10-candidate-02\packages\desktop\out\host\index.js              1.30 MB
ESM ..\..\..\u10-candidate-02\packages\desktop\out\host\chunk-WS3ZRUTG.js     737.87 KB
ESM ⚡️ Build success in 329ms

  ..\..\u10-candidate-02\apps\zcode-cli\packages\cli\dist\zcode.cjs  16.0mb

Done in 1282ms
{"candidate":"E:\\Xiadie\\Xiadie\\.runtime\\P01\\u10-candidate-02\\candidate-descriptor.json","artifacts":6673,"cliSha256":"2d0acfaf310bcf188662bb9f2ab3ade4937369cd86d6f7bf5dd011bf4489f7e3"}
